Archive member included to satisfy reference by file (symbol)

c:/progra~2/gnuarm~1/102021~1.10/bin/../lib/gcc/arm-none-eabi/10.3.1/thumb/v6-m/nofp\libgcc.a(_dvmd_tls.o)
                              CMakeFiles/rushBoard.dir/D_/Development/MarkApp/RushBoard/Firmware/pico-sdk/src/rp2_common/pico_divider/divider.S.obj (__aeabi_idiv0)
c:/progra~2/gnuarm~1/102021~1.10/bin/../lib/gcc/arm-none-eabi/10.3.1/../../../../arm-none-eabi/lib/thumb/v6-m/nofp\libg.a(lib_a-calloc.o)
                              CMakeFiles/rushBoard.dir/D_/Development/MarkApp/RushBoard/Firmware/pico-sdk/src/rp2_common/pico_malloc/pico_malloc.c.obj (calloc)
c:/progra~2/gnuarm~1/102021~1.10/bin/../lib/gcc/arm-none-eabi/10.3.1/../../../../arm-none-eabi/lib/thumb/v6-m/nofp\libg.a(lib_a-callocr.o)
                              c:/progra~2/gnuarm~1/102021~1.10/bin/../lib/gcc/arm-none-eabi/10.3.1/../../../../arm-none-eabi/lib/thumb/v6-m/nofp\libg.a(lib_a-calloc.o) (_calloc_r)
c:/progra~2/gnuarm~1/102021~1.10/bin/../lib/gcc/arm-none-eabi/10.3.1/../../../../arm-none-eabi/lib/thumb/v6-m/nofp\libg.a(lib_a-errno.o)
                              CMakeFiles/rushBoard.dir/lib/no-OS-FatFS-SD-SPI-RPi-Pico/FatFs_SPI/src/ff_stdio.c.obj (__errno)
c:/progra~2/gnuarm~1/102021~1.10/bin/../lib/gcc/arm-none-eabi/10.3.1/../../../../arm-none-eabi/lib/thumb/v6-m/nofp\libg.a(lib_a-fflush.o)
                              CMakeFiles/rushBoard.dir/lib/no-OS-FatFS-SD-SPI-RPi-Pico/FatFs_SPI/sd_driver/demo_logging.c.obj (fflush)
c:/progra~2/gnuarm~1/102021~1.10/bin/../lib/gcc/arm-none-eabi/10.3.1/../../../../arm-none-eabi/lib/thumb/v6-m/nofp\libg.a(lib_a-findfp.o)
                              c:/progra~2/gnuarm~1/102021~1.10/bin/../lib/gcc/arm-none-eabi/10.3.1/../../../../arm-none-eabi/lib/thumb/v6-m/nofp\libg.a(lib_a-fflush.o) (__sinit)
c:/progra~2/gnuarm~1/102021~1.10/bin/../lib/gcc/arm-none-eabi/10.3.1/../../../../arm-none-eabi/lib/thumb/v6-m/nofp\libg.a(lib_a-freer.o)
                              c:/progra~2/gnuarm~1/102021~1.10/bin/../lib/gcc/arm-none-eabi/10.3.1/../../../../arm-none-eabi/lib/thumb/v6-m/nofp\libg.a(lib_a-fflush.o) (_free_r)
c:/progra~2/gnuarm~1/102021~1.10/bin/../lib/gcc/arm-none-eabi/10.3.1/../../../../arm-none-eabi/lib/thumb/v6-m/nofp\libg.a(lib_a-fwalk.o)
                              c:/progra~2/gnuarm~1/102021~1.10/bin/../lib/gcc/arm-none-eabi/10.3.1/../../../../arm-none-eabi/lib/thumb/v6-m/nofp\libg.a(lib_a-findfp.o) (_fwalk)
c:/progra~2/gnuarm~1/102021~1.10/bin/../lib/gcc/arm-none-eabi/10.3.1/../../../../arm-none-eabi/lib/thumb/v6-m/nofp\libg.a(lib_a-impure.o)
                              c:/progra~2/gnuarm~1/102021~1.10/bin/../lib/gcc/arm-none-eabi/10.3.1/../../../../arm-none-eabi/lib/thumb/v6-m/nofp\libg.a(lib_a-fflush.o) (_global_impure_ptr)
c:/progra~2/gnuarm~1/102021~1.10/bin/../lib/gcc/arm-none-eabi/10.3.1/../../../../arm-none-eabi/lib/thumb/v6-m/nofp\libg.a(lib_a-init.o)
                              c:/progra~2/gnuarm~1/102021~1.10/bin/../lib/gcc/arm-none-eabi/10.3.1/../../../../arm-none-eabi/lib/thumb/v6-m/nofp/crt0.o (__libc_init_array)
c:/progra~2/gnuarm~1/102021~1.10/bin/../lib/gcc/arm-none-eabi/10.3.1/../../../../arm-none-eabi/lib/thumb/v6-m/nofp\libg.a(lib_a-lock.o)
                              c:/progra~2/gnuarm~1/102021~1.10/bin/../lib/gcc/arm-none-eabi/10.3.1/../../../../arm-none-eabi/lib/thumb/v6-m/nofp\libg.a(lib_a-findfp.o) (__retarget_lock_init_recursive)
c:/progra~2/gnuarm~1/102021~1.10/bin/../lib/gcc/arm-none-eabi/10.3.1/../../../../arm-none-eabi/lib/thumb/v6-m/nofp\libg.a(lib_a-malloc.o)
                              CMakeFiles/rushBoard.dir/D_/Development/MarkApp/RushBoard/Firmware/pico-sdk/src/rp2_common/pico_malloc/pico_malloc.c.obj (malloc)
c:/progra~2/gnuarm~1/102021~1.10/bin/../lib/gcc/arm-none-eabi/10.3.1/../../../../arm-none-eabi/lib/thumb/v6-m/nofp\libg.a(lib_a-mallocr.o)
                              c:/progra~2/gnuarm~1/102021~1.10/bin/../lib/gcc/arm-none-eabi/10.3.1/../../../../arm-none-eabi/lib/thumb/v6-m/nofp\libg.a(lib_a-callocr.o) (_malloc_r)
c:/progra~2/gnuarm~1/102021~1.10/bin/../lib/gcc/arm-none-eabi/10.3.1/../../../../arm-none-eabi/lib/thumb/v6-m/nofp\libg.a(lib_a-memcmp.o)
                              CMakeFiles/rushBoard.dir/lib/no-OS-FatFS-SD-SPI-RPi-Pico/FatFs_SPI/ff15/source/ff.c.obj (memcmp)
c:/progra~2/gnuarm~1/102021~1.10/bin/../lib/gcc/arm-none-eabi/10.3.1/../../../../arm-none-eabi/lib/thumb/v6-m/nofp\libg.a(lib_a-mktime.o)
                              CMakeFiles/rushBoard.dir/lib/no-OS-FatFS-SD-SPI-RPi-Pico/FatFs_SPI/src/rtc.c.obj (mktime)
c:/progra~2/gnuarm~1/102021~1.10/bin/../lib/gcc/arm-none-eabi/10.3.1/../../../../arm-none-eabi/lib/thumb/v6-m/nofp\libg.a(lib_a-mlock.o)
                              c:/progra~2/gnuarm~1/102021~1.10/bin/../lib/gcc/arm-none-eabi/10.3.1/../../../../arm-none-eabi/lib/thumb/v6-m/nofp\libg.a(lib_a-freer.o) (__malloc_lock)
[...]
Memory Configuration

Name             Origin             Length             Attributes
FLASH            0x10000000         0x00200000         xr
RAM              0x20000000         0x00040000         xrw
SCRATCH_X        0x20040000         0x00001000         xrw
SCRATCH_Y        0x20041000         0x00001000         xrw
*default*        0x00000000         0xffffffff

Linker script and memory map

LOAD c:/progra~2/gnuarm~1/102021~1.10/bin/../lib/gcc/arm-none-eabi/10.3.1/thumb/v6-m/nofp/crti.o
LOAD c:/progra~2/gnuarm~1/102021~1.10/bin/../lib/gcc/arm-none-eabi/10.3.1/thumb/v6-m/nofp/crtbegin.o
LOAD c:/progra~2/gnuarm~1/102021~1.10/bin/../lib/gcc/arm-none-eabi/10.3.1/../../../../arm-none-eabi/lib/thumb/v6-m/nofp/crt0.o

.flash_begin    0x10000000        0x0
                0x10000000                __flash_binary_start = .

.boot2          0x10000000      0x100
                0x10000000                __boot2_start__ = .
 *(.boot2)
 .boot2         0x10000000      0x100 C:\Users\germa\AppData\Local\Temp\cckiP9gE.o
                0x10000100                __boot2_end__ = .
                0x00000001                ASSERT (((__boot2_end__ - __boot2_start__) == 0x100), ERROR: Pico second stage bootloader must be 256 bytes in size)

.text           0x10000100     0x78b0
                0x10000100                __logical_binary_start = .
 *(.vectors)
 .vectors       0x10000100       0xd4 CMakeFiles/rushBoard.dir/D_/Development/MarkApp/RushBoard/Firmware/pico-sdk/src/rp2_common/pico_standard_link/crt0.S.obj
                0x10000100                __VECTOR_TABLE
                0x10000100                __vectors
                0x100001c0                isr_invalid
                0x100001c0                __default_isrs_start
                0x100001c2                isr_nmi
                0x100001c4                isr_hardfault
                0x100001c6                isr_svcall
                0x100001c8                isr_pendsv
                0x100001ca                isr_systick
                0x100001cc                isr_irq23
                0x100001cc                isr_irq18
                0x100001cc                isr_irq11
                0x100001cc                isr_irq28
                0x100001cc                isr_irq19
                0x100001cc                isr_irq0
                0x100001cc                isr_irq6
                0x100001cc                isr_irq5
                0x100001cc                isr_irq12
                0x100001cc                isr_irq22
                0x100001cc                isr_irq31
                0x100001cc                isr_irq17
                0x100001cc                isr_irq27
                0x100001cc                isr_irq30
                0x100001cc                isr_irq2
                0x100001cc                isr_irq10
                0x100001cc                isr_irq8
                0x100001cc                isr_irq24
                0x100001cc                isr_irq1
                0x100001cc                isr_irq7
                0x100001cc                isr_irq21
                0x100001cc                isr_irq20
                0x100001cc                isr_irq15
                0x100001cc                isr_irq25
                0x100001cc                isr_irq13
                0x100001cc                __unhandled_user_irq
                0x100001cc                isr_irq4
                0x100001cc                isr_irq16
                0x100001cc                isr_irq29
                0x100001cc                isr_irq26
                0x100001cc                __default_isrs_end
                0x100001cc                isr_irq3
                0x100001cc                isr_irq14
                0x100001cc                isr_irq9
                0x100001d2                unhandled_user_irq_num_in_r0
 *(.binary_info_header)
 .binary_info_header
                0x100001d4       0x14 CMakeFiles/rushBoard.dir/D_/Development/MarkApp/RushBoard/Firmware/pico-sdk/src/rp2_common/pico_standard_link/crt0.S.obj
                0x100001e8                __binary_info_header_end = .
 *(.reset)
 .reset         0x100001e8       0xa0 CMakeFiles/rushBoard.dir/D_/Development/MarkApp/RushBoard/Firmware/pico-sdk/src/rp2_common/pico_standard_link/crt0.S.obj
                0x100001e8                _entry_point
 .reset         0x10000288       0x30 CMakeFiles/rushBoard.dir/D_/Development/MarkApp/RushBoard/Firmware/pico-sdk/src/rp2_common/pico_standard_link/binary_info.c.obj
 *(.init)
 .init          0x100002b8        0x4 c:/progra~2/gnuarm~1/102021~1.10/bin/../lib/gcc/arm-none-eabi/10.3.1/thumb/v6-m/nofp/crti.o
                0x100002b8                _init
 *(EXCLUDE_FILE(*libm.a: *libc.a:*lib_a-mem*.o *libgcc.a:) .text*)
 .text          0x100002bc       0x48 c:/progra~2/gnuarm~1/102021~1.10/bin/../lib/gcc/arm-none-eabi/10.3.1/thumb/v6-m/nofp/crtbegin.o
 .text.uart_puts
                0x10000304       0x98 CMakeFiles/rushBoard.dir/main.c.obj
 .text.simxxx_send_command
                0x1000039c      0x12c CMakeFiles/rushBoard.dir/main.c.obj
                0x1000039c                simxxx_send_command
 .text.simxxx_read_time
                0x100004c8      0x12c CMakeFiles/rushBoard.dir/main.c.obj
                0x100004c8                simxxx_read_time
 .text.repeating_timer_callback
                0x100005f4       0x2c CMakeFiles/rushBoard.dir/main.c.obj
                0x100005f4                repeating_timer_callback
 .text.main     0x10000620      0x118 CMakeFiles/rushBoard.dir/main.c.obj
                0x10000620                main
 .text.gpio_set_function
                0x10000738       0x30 CMakeFiles/rushBoard.dir/D_/Development/MarkApp/RushBoard/Firmware/pico-sdk/src/rp2_common/hardware_gpio/gpio.c.obj
                0x10000738                gpio_set_function
 .text.running_on_fpga
                0x10000768       0x14 CMakeFiles/rushBoard.dir/D_/Development/MarkApp/RushBoard/Firmware/pico-sdk/src/rp2_common/pico_platform/platform.c.obj
                0x10000768                running_on_fpga
 .text.hw_claim_lock
                0x1000077c       0x18 CMakeFiles/rushBoard.dir/D_/Development/MarkApp/RushBoard/Firmware/pico-sdk/src/rp2_common/hardware_claim/claim.c.obj
                0x1000077c                hw_claim_lock
 .text.hw_claim_unlock
                0x10000794       0x14 CMakeFiles/rushBoard.dir/D_/Development/MarkApp/RushBoard/Firmware/pico-sdk/src/rp2_common/hardware_claim/claim.c.obj
                0x10000794                hw_claim_unlock
 .text.hw_claim_or_assert
                0x100007a8       0x32 CMakeFiles/rushBoard.dir/D_/Development/MarkApp/RushBoard/Firmware/pico-sdk/src/rp2_common/hardware_claim/claim.c.obj
                0x100007a8                hw_claim_or_assert
 .text.hw_claim_unused_from_range
                0x100007da       0x50 CMakeFiles/rushBoard.dir/D_/Development/MarkApp/RushBoard/Firmware/pico-sdk/src/rp2_common/hardware_claim/claim.c.obj
                0x100007da                hw_claim_unused_from_range
 *fill*         0x1000082a        0x2 
 .text.spin_locks_reset
                0x1000082c       0x20 CMakeFiles/rushBoard.dir/D_/Development/MarkApp/RushBoard/Firmware/pico-sdk/src/rp2_common/hardware_sync/sync.c.obj
                0x1000082c                spin_locks_reset
 .text.next_striped_spin_lock_num
                0x1000084c       0x1c CMakeFiles/rushBoard.dir/D_/Development/MarkApp/RushBoard/Firmware/pico-sdk/src/rp2_common/hardware_sync/sync.c.obj
                0x1000084c                next_striped_spin_lock_num
 .text.spin_lock_claim_unused
                0x10000868       0x20 CMakeFiles/rushBoard.dir/D_/Development/MarkApp/RushBoard/Firmware/pico-sdk/src/rp2_common/hardware_sync/sync.c.obj
                0x10000868                spin_lock_claim_unused
 .text.set_raw_irq_handler_and_unlock
                0x10000888       0x28 CMakeFiles/rushBoard.dir/D_/Development/MarkApp/RushBoard/Firmware/pico-sdk/src/rp2_common/hardware_irq/irq.c.obj
 .text.make_branch
                0x100008b0       0x48 CMakeFiles/rushBoard.dir/D_/Development/MarkApp/RushBoard/Firmware/pico-sdk/src/rp2_common/hardware_irq/irq.c.obj
 .text.insert_branch_and_link
                0x100008f8       0x40 CMakeFiles/rushBoard.dir/D_/Development/MarkApp/RushBoard/Firmware/pico-sdk/src/rp2_common/hardware_irq/irq.c.obj
 .text.irq_is_enabled
                0x10000938       0x18 CMakeFiles/rushBoard.dir/D_/Development/MarkApp/RushBoard/Firmware/pico-sdk/src/rp2_common/hardware_irq/irq.c.obj
                0x10000938                irq_is_enabled
 .text.irq_set_mask_enabled
                0x10000950       0x20 CMakeFiles/rushBoard.dir/D_/Development/MarkApp/RushBoard/Firmware/pico-sdk/src/rp2_common/hardware_irq/irq.c.obj
                0x10000950                irq_set_mask_enabled
 .text.irq_set_enabled
                0x10000970        0xe CMakeFiles/rushBoard.dir/D_/Development/MarkApp/RushBoard/Firmware/pico-sdk/src/rp2_common/hardware_irq/irq.c.obj
                0x10000970                irq_set_enabled
 *fill*         0x1000097e        0x2 
 .text.irq_set_pending
                0x10000980       0x10 CMakeFiles/rushBoard.dir/D_/Development/MarkApp/RushBoard/Firmware/pico-sdk/src/rp2_common/hardware_irq/irq.c.obj
                0x10000980                irq_set_pending
 .text.irq_get_vtable_handler
                0x10000990       0x10 CMakeFiles/rushBoard.dir/D_/Development/MarkApp/RushBoard/Firmware/pico-sdk/src/rp2_common/hardware_irq/irq.c.obj
                0x10000990                irq_get_vtable_handler
 .text.irq_has_shared_handler
                0x100009a0       0x24 CMakeFiles/rushBoard.dir/D_/Development/MarkApp/RushBoard/Firmware/pico-sdk/src/rp2_common/hardware_irq/irq.c.obj
                0x100009a0                irq_has_shared_handler
 .text.irq_set_exclusive_handler
                0x100009c4       0x54 CMakeFiles/rushBoard.dir/D_/Development/MarkApp/RushBoard/Firmware/pico-sdk/src/rp2_common/hardware_irq/irq.c.obj
                0x100009c4                irq_set_exclusive_handler
 .text.irq_add_shared_handler
                0x10000a18      0x234 CMakeFiles/rushBoard.dir/D_/Development/MarkApp/RushBoard/Firmware/pico-sdk/src/rp2_common/hardware_irq/irq.c.obj
                0x10000a18                irq_add_shared_handler
 .text.irq_remove_handler
                0x10000c4c      0x1ac CMakeFiles/rushBoard.dir/D_/Development/MarkApp/RushBoard/Firmware/pico-sdk/src/rp2_common/hardware_irq/irq.c.obj
                0x10000c4c                irq_remove_handler
 .text.irq_add_tail_to_free_list
                0x10000df8       0xf0 CMakeFiles/rushBoard.dir/D_/Development/MarkApp/RushBoard/Firmware/pico-sdk/src/rp2_common/hardware_irq/irq.c.obj
                0x10000df8                irq_add_tail_to_free_list
 .text.irq_init_priorities
                0x10000ee8       0x1c CMakeFiles/rushBoard.dir/D_/Development/MarkApp/RushBoard/Firmware/pico-sdk/src/rp2_common/hardware_irq/irq.c.obj
                0x10000ee8                irq_init_priorities
 .text.user_irq_claim_unused
                0x10000f04       0x28 CMakeFiles/rushBoard.dir/D_/Development/MarkApp/RushBoard/Firmware/pico-sdk/src/rp2_common/hardware_irq/irq.c.obj
                0x10000f04                user_irq_claim_unused
 .text.lock_init
                0x10000f2c       0x10 CMakeFiles/rushBoard.dir/D_/Development/MarkApp/RushBoard/Firmware/pico-sdk/src/common/pico_sync/lock_core.c.obj
                0x10000f2c                lock_init
 .text.mutex_init
                0x10000f3c       0x1a CMakeFiles/rushBoard.dir/D_/Development/MarkApp/RushBoard/Firmware/pico-sdk/src/common/pico_sync/mutex.c.obj
                0x10000f3c                mutex_init
 .text.recursive_mutex_init
                0x10000f56       0x1e CMakeFiles/rushBoard.dir/D_/Development/MarkApp/RushBoard/Firmware/pico-sdk/src/common/pico_sync/mutex.c.obj
                0x10000f56                recursive_mutex_init
 .text.critical_section_init_with_lock_num
                0x10000f74       0x14 CMakeFiles/rushBoard.dir/D_/Development/MarkApp/RushBoard/Firmware/pico-sdk/src/common/pico_sync/critical_section.c.obj
                0x10000f74                critical_section_init_with_lock_num
 .text.critical_section_init
                0x10000f88       0x14 CMakeFiles/rushBoard.dir/D_/Development/MarkApp/RushBoard/Firmware/pico-sdk/src/common/pico_sync/critical_section.c.obj
                0x10000f88                critical_section_init
 .text.repeating_timer_callback
                0x10000f9c       0x40 CMakeFiles/rushBoard.dir/D_/Development/MarkApp/RushBoard/Firmware/pico-sdk/src/common/pico_time/time.c.obj
 .text.alarm_pool_post_alloc_init
                0x10000fdc       0x40 CMakeFiles/rushBoard.dir/D_/Development/MarkApp/RushBoard/Firmware/pico-sdk/src/common/pico_time/time.c.obj
 .text.sleep_until_callback
                0x1000101c       0x30 CMakeFiles/rushBoard.dir/D_/Development/MarkApp/RushBoard/Firmware/pico-sdk/src/common/pico_time/time.c.obj
 .text.timer_pool_entry_comparator
                0x1000104c       0x7c CMakeFiles/rushBoard.dir/D_/Development/MarkApp/RushBoard/Firmware/pico-sdk/src/common/pico_time/time.c.obj
                0x1000104c                timer_pool_entry_comparator
 .text.ph_add_child_node
                0x100010c8       0xa4 CMakeFiles/rushBoard.dir/D_/Development/MarkApp/RushBoard/Firmware/pico-sdk/src/common/pico_time/time.c.obj
 .text.ph_merge_nodes
                0x1000116c       0x3e CMakeFiles/rushBoard.dir/D_/Development/MarkApp/RushBoard/Firmware/pico-sdk/src/common/pico_time/time.c.obj
 *fill*         0x100011aa        0x2 
 .text.add_alarm_under_lock
                0x100011ac      0x174 CMakeFiles/rushBoard.dir/D_/Development/MarkApp/RushBoard/Firmware/pico-sdk/src/common/pico_time/time.c.obj
 .text.alarm_pool_alarm_callback
                0x10001320      0x33c CMakeFiles/rushBoard.dir/D_/Development/MarkApp/RushBoard/Firmware/pico-sdk/src/common/pico_time/time.c.obj
 .text.alarm_pool_init_default
                0x1000165c       0x40 CMakeFiles/rushBoard.dir/D_/Development/MarkApp/RushBoard/Firmware/pico-sdk/src/common/pico_time/time.c.obj
                0x1000165c                alarm_pool_init_default
 .text.alarm_pool_get_default
                0x1000169c       0x2c CMakeFiles/rushBoard.dir/D_/Development/MarkApp/RushBoard/Firmware/pico-sdk/src/common/pico_time/time.c.obj
                0x1000169c                alarm_pool_get_default
 .text.alarm_pool_add_alarm_at
                0x100016c8      0x168 CMakeFiles/rushBoard.dir/D_/Development/MarkApp/RushBoard/Firmware/pico-sdk/src/common/pico_time/time.c.obj
                0x100016c8                alarm_pool_add_alarm_at
 .text.alarm_pool_cancel_alarm
                0x10001830       0xf0 CMakeFiles/rushBoard.dir/D_/Development/MarkApp/RushBoard/Firmware/pico-sdk/src/common/pico_time/time.c.obj
                0x10001830                alarm_pool_cancel_alarm
 .text.alarm_pool_core_num
                0x10001920        0x4 CMakeFiles/rushBoard.dir/D_/Development/MarkApp/RushBoard/Firmware/pico-sdk/src/common/pico_time/time.c.obj
                0x10001920                alarm_pool_core_num
 .text.alarm_pool_add_repeating_timer_us
                0x10001924       0x98 CMakeFiles/rushBoard.dir/D_/Development/MarkApp/RushBoard/Firmware/pico-sdk/src/common/pico_time/time.c.obj
                0x10001924                alarm_pool_add_repeating_timer_us
 .text.sleep_until
                0x100019bc       0xfc CMakeFiles/rushBoard.dir/D_/Development/MarkApp/RushBoard/Firmware/pico-sdk/src/common/pico_time/time.c.obj
                0x100019bc                sleep_until
 .text.sleep_us
                0x10001ab8       0x58 CMakeFiles/rushBoard.dir/D_/Development/MarkApp/RushBoard/Firmware/pico-sdk/src/common/pico_time/time.c.obj
                0x10001ab8                sleep_us
 .text.sleep_ms
                0x10001b10       0x14 CMakeFiles/rushBoard.dir/D_/Development/MarkApp/RushBoard/Firmware/pico-sdk/src/common/pico_time/time.c.obj
                0x10001b10                sleep_ms
 .text.best_effort_wfe_or_timeout
                0x10001b24       0xac CMakeFiles/rushBoard.dir/D_/Development/MarkApp/RushBoard/Firmware/pico-sdk/src/common/pico_time/time.c.obj
                0x10001b24                best_effort_wfe_or_timeout
 .text.hardware_alarm_irq_handler
                0x10001bd0       0x90 CMakeFiles/rushBoard.dir/D_/Development/MarkApp/RushBoard/Firmware/pico-sdk/src/rp2_common/hardware_timer/timer.c.obj
 .text.hardware_alarm_claim
                0x10001c60       0x18 CMakeFiles/rushBoard.dir/D_/Development/MarkApp/RushBoard/Firmware/pico-sdk/src/rp2_common/hardware_timer/timer.c.obj
                0x10001c60                hardware_alarm_claim
 .text.time_us_64
                0x10001c78       0x18 CMakeFiles/rushBoard.dir/D_/Development/MarkApp/RushBoard/Firmware/pico-sdk/src/rp2_common/hardware_timer/timer.c.obj
                0x10001c78                time_us_64
 .text.busy_wait_until
                0x10001c90       0x28 CMakeFiles/rushBoard.dir/D_/Development/MarkApp/RushBoard/Firmware/pico-sdk/src/rp2_common/hardware_timer/timer.c.obj
                0x10001c90                busy_wait_until
 .text.busy_wait_us
                0x10001cb8       0x48 CMakeFiles/rushBoard.dir/D_/Development/MarkApp/RushBoard/Firmware/pico-sdk/src/rp2_common/hardware_timer/timer.c.obj
                0x10001cb8                busy_wait_us
 .text.hardware_alarm_set_callback
                0x10001d00       0x90 CMakeFiles/rushBoard.dir/D_/Development/MarkApp/RushBoard/Firmware/pico-sdk/src/rp2_common/hardware_timer/timer.c.obj
                0x10001d00                hardware_alarm_set_callback
 .text.hardware_alarm_set_target
                0x10001d90       0xe8 CMakeFiles/rushBoard.dir/D_/Development/MarkApp/RushBoard/Firmware/pico-sdk/src/rp2_common/hardware_timer/timer.c.obj
                0x10001d90                hardware_alarm_set_target
 .text.hardware_alarm_cancel
                0x10001e78       0x40 CMakeFiles/rushBoard.dir/D_/Development/MarkApp/RushBoard/Firmware/pico-sdk/src/rp2_common/hardware_timer/timer.c.obj
                0x10001e78                hardware_alarm_cancel
 .text.ph_add_child_node
                0x10001eb8       0xa4 CMakeFiles/rushBoard.dir/D_/Development/MarkApp/RushBoard/Firmware/pico-sdk/src/common/pico_util/pheap.c.obj
 .text.ph_merge_nodes
                0x10001f5c       0x3e CMakeFiles/rushBoard.dir/D_/Development/MarkApp/RushBoard/Firmware/pico-sdk/src/common/pico_util/pheap.c.obj
 *fill*         0x10001f9a        0x2 
 .text.ph_clear
                0x10001f9c       0x70 CMakeFiles/rushBoard.dir/D_/Development/MarkApp/RushBoard/Firmware/pico-sdk/src/common/pico_util/pheap.c.obj
                0x10001f9c                ph_clear
 .text.ph_post_alloc_init
                0x1000200c        0xe CMakeFiles/rushBoard.dir/D_/Development/MarkApp/RushBoard/Firmware/pico-sdk/src/common/pico_util/pheap.c.obj
                0x1000200c                ph_post_alloc_init
 *fill*         0x1000201a        0x2 
 .text.ph_merge_two_pass
                0x1000201c       0xa8 CMakeFiles/rushBoard.dir/D_/Development/MarkApp/RushBoard/Firmware/pico-sdk/src/common/pico_util/pheap.c.obj
                0x1000201c                ph_merge_two_pass
 .text.ph_remove_any_head
                0x100020c4      0x128 CMakeFiles/rushBoard.dir/D_/Development/MarkApp/RushBoard/Firmware/pico-sdk/src/common/pico_util/pheap.c.obj
 .text.ph_remove_head
                0x100021ec       0x14 CMakeFiles/rushBoard.dir/D_/Development/MarkApp/RushBoard/Firmware/pico-sdk/src/common/pico_util/pheap.c.obj
                0x100021ec                ph_remove_head
 .text.ph_remove_and_free_node
                0x10002200       0xf8 CMakeFiles/rushBoard.dir/D_/Development/MarkApp/RushBoard/Firmware/pico-sdk/src/common/pico_util/pheap.c.obj
                0x10002200                ph_remove_and_free_node
 .text.uart_set_baudrate
                0x100022f8       0x5c CMakeFiles/rushBoard.dir/D_/Development/MarkApp/RushBoard/Firmware/pico-sdk/src/rp2_common/hardware_uart/uart.c.obj
                0x100022f8                uart_set_baudrate
 .text.uart_set_translate_crlf
                0x10002354       0x28 CMakeFiles/rushBoard.dir/D_/Development/MarkApp/RushBoard/Firmware/pico-sdk/src/rp2_common/hardware_uart/uart.c.obj
                0x10002354                uart_set_translate_crlf
 .text.uart_init
                0x1000237c       0x80 CMakeFiles/rushBoard.dir/D_/Development/MarkApp/RushBoard/Firmware/pico-sdk/src/rp2_common/hardware_uart/uart.c.obj
                0x1000237c                uart_init
 .text.clock_configure
                0x100023fc      0x104 CMakeFiles/rushBoard.dir/D_/Development/MarkApp/RushBoard/Firmware/pico-sdk/src/rp2_common/hardware_clocks/clocks.c.obj
                0x100023fc                clock_configure
 .text.clocks_init
                0x10002500      0x100 CMakeFiles/rushBoard.dir/D_/Development/MarkApp/RushBoard/Firmware/pico-sdk/src/rp2_common/hardware_clocks/clocks.c.obj
                0x10002500                clocks_init
 .text.clock_get_hz
                0x10002600        0xc CMakeFiles/rushBoard.dir/D_/Development/MarkApp/RushBoard/Firmware/pico-sdk/src/rp2_common/hardware_clocks/clocks.c.obj
                0x10002600                clock_get_hz
 .text.pll_init
                0x1000260c      0x12c CMakeFiles/rushBoard.dir/D_/Development/MarkApp/RushBoard/Firmware/pico-sdk/src/rp2_common/hardware_pll/pll.c.obj
                0x1000260c                pll_init
 .text.watchdog_start_tick
                0x10002738       0x10 CMakeFiles/rushBoard.dir/D_/Development/MarkApp/RushBoard/Firmware/pico-sdk/src/rp2_common/hardware_watchdog/watchdog.c.obj
                0x10002738                watchdog_start_tick
 .text.watchdog_update
                0x10002748       0x14 CMakeFiles/rushBoard.dir/D_/Development/MarkApp/RushBoard/Firmware/pico-sdk/src/rp2_common/hardware_watchdog/watchdog.c.obj
                0x10002748                watchdog_update
 .text._watchdog_enable
                0x1000275c       0x78 CMakeFiles/rushBoard.dir/D_/Development/MarkApp/RushBoard/Firmware/pico-sdk/src/rp2_common/hardware_watchdog/watchdog.c.obj
                0x1000275c                _watchdog_enable
 .text.watchdog_reboot
                0x100027d4       0x48 CMakeFiles/rushBoard.dir/D_/Development/MarkApp/RushBoard/Firmware/pico-sdk/src/rp2_common/hardware_watchdog/watchdog.c.obj
                0x100027d4                watchdog_reboot
 .text.watchdog_caused_reboot
                0x1000281c       0x10 CMakeFiles/rushBoard.dir/D_/Development/MarkApp/RushBoard/Firmware/pico-sdk/src/rp2_common/hardware_watchdog/watchdog.c.obj
                0x1000281c                watchdog_caused_reboot
 .text.xosc_init
                0x1000282c       0x28 CMakeFiles/rushBoard.dir/D_/Development/MarkApp/RushBoard/Firmware/pico-sdk/src/rp2_common/hardware_xosc/xosc.c.obj
                0x1000282c                xosc_init
 .text._exit    0x10002854        0x4 CMakeFiles/rushBoard.dir/D_/Development/MarkApp/RushBoard/Firmware/pico-sdk/src/rp2_common/pico_runtime/runtime.c.obj
                0x10002854                _exit
 .text.exit     0x10002858        0x6 CMakeFiles/rushBoard.dir/D_/Development/MarkApp/RushBoard/Firmware/pico-sdk/src/rp2_common/pico_runtime/runtime.c.obj
                0x10002858                exit
 *fill*         0x1000285e        0x2 
 .text.__assert_func
                0x10002860       0x3c CMakeFiles/rushBoard.dir/D_/Development/MarkApp/RushBoard/Firmware/pico-sdk/src/rp2_common/pico_runtime/runtime.c.obj
                0x10002860                __assert_func
 .text.runtime_init
                0x1000289c       0xf8 CMakeFiles/rushBoard.dir/D_/Development/MarkApp/RushBoard/Firmware/pico-sdk/src/rp2_common/pico_runtime/runtime.c.obj
                0x1000289c                runtime_init
 .text.panic    0x10002994       0x30 CMakeFiles/rushBoard.dir/D_/Development/MarkApp/RushBoard/Firmware/pico-sdk/src/rp2_common/pico_runtime/runtime.c.obj
                0x10002994                panic
 .text._out_null
                0x100029c4        0x2 CMakeFiles/rushBoard.dir/D_/Development/MarkApp/RushBoard/Firmware/pico-sdk/src/rp2_common/pico_printf/printf.c.obj
 .text._out_fct
                0x100029c6        0xe CMakeFiles/rushBoard.dir/D_/Development/MarkApp/RushBoard/Firmware/pico-sdk/src/rp2_common/pico_printf/printf.c.obj
 .text._atoi    0x100029d4       0x24 CMakeFiles/rushBoard.dir/D_/Development/MarkApp/RushBoard/Firmware/pico-sdk/src/rp2_common/pico_printf/printf.c.obj
 .text._out_rev
                0x100029f8       0xae CMakeFiles/rushBoard.dir/D_/Development/MarkApp/RushBoard/Firmware/pico-sdk/src/rp2_common/pico_printf/printf.c.obj
 .text._ntoa_format
                0x10002aa6      0x112 CMakeFiles/rushBoard.dir/D_/Development/MarkApp/RushBoard/Firmware/pico-sdk/src/rp2_common/pico_printf/printf.c.obj
 .text._ntoa_long
                0x10002bb8       0xbc CMakeFiles/rushBoard.dir/D_/Development/MarkApp/RushBoard/Firmware/pico-sdk/src/rp2_common/pico_printf/printf.c.obj
 .text._ntoa_long_long
                0x10002c74       0xe2 CMakeFiles/rushBoard.dir/D_/Development/MarkApp/RushBoard/Firmware/pico-sdk/src/rp2_common/pico_printf/printf.c.obj
 *fill*         0x10002d56        0x2 
 .text._etoa    0x10002d58      0x414 CMakeFiles/rushBoard.dir/D_/Development/MarkApp/RushBoard/Firmware/pico-sdk/src/rp2_common/pico_printf/printf.c.obj
 .text._ftoa    0x1000316c      0x354 CMakeFiles/rushBoard.dir/D_/Development/MarkApp/RushBoard/Firmware/pico-sdk/src/rp2_common/pico_printf/printf.c.obj
 .text._vsnprintf
                0x100034c0      0x624 CMakeFiles/rushBoard.dir/D_/Development/MarkApp/RushBoard/Firmware/pico-sdk/src/rp2_common/pico_printf/printf.c.obj
 .text.vfctprintf
                0x10003ae4       0x20 CMakeFiles/rushBoard.dir/D_/Development/MarkApp/RushBoard/Firmware/pico-sdk/src/rp2_common/pico_printf/printf.c.obj
                0x10003ae4                vfctprintf
 .text          0x10003b04       0x10 CMakeFiles/rushBoard.dir/D_/Development/MarkApp/RushBoard/Firmware/pico-sdk/src/rp2_common/pico_bit_ops/bit_ops_aeabi.S.obj
 .text.rom_func_lookup
                0x10003b14       0x10 CMakeFiles/rushBoard.dir/D_/Development/MarkApp/RushBoard/Firmware/pico-sdk/src/rp2_common/pico_bootrom/bootrom.c.obj
                0x10003b14                rom_func_lookup
 .text.rom_data_lookup
                0x10003b24       0x10 CMakeFiles/rushBoard.dir/D_/Development/MarkApp/RushBoard/Firmware/pico-sdk/src/rp2_common/pico_bootrom/bootrom.c.obj
                0x10003b24                rom_data_lookup
 .text.rom_funcs_lookup
                0x10003b34       0x36 CMakeFiles/rushBoard.dir/D_/Development/MarkApp/RushBoard/Firmware/pico-sdk/src/rp2_common/pico_bootrom/bootrom.c.obj
                0x10003b34                rom_funcs_lookup
 *fill*         0x10003b6a        0x2 
 .text.__wrap___aeabi_idiv
                0x10003b6c       0x50 CMakeFiles/rushBoard.dir/D_/Development/MarkApp/RushBoard/Firmware/pico-sdk/src/rp2_common/pico_divider/divider.S.obj
                0x10003b6c                __wrap___aeabi_idivmod
                0x10003b6c                divmod_s32s32
                0x10003b6c                div_s32s32
                0x10003b6c                __wrap___aeabi_idiv
                0x10003b74                divmod_s32s32_unsafe
                0x10003ba0                divmod_s32s32_savestate
 .text.__wrap___aeabi_uidiv
                0x10003bbc       0x4c CMakeFiles/rushBoard.dir/D_/Development/MarkApp/RushBoard/Firmware/pico-sdk/src/rp2_common/pico_divider/divider.S.obj
                0x10003bbc                __wrap___aeabi_uidiv
                0x10003bbc                __wrap___aeabi_uidivmod
                0x10003bbc                div_u32u32
                0x10003bbc                divmod_u32u32
                0x10003bc4                divmod_u32u32_unsafe
                0x10003bec                divmod_u32u32_savestate
 .text.__wrap___aeabi_ldiv
                0x10003c08      0x424 CMakeFiles/rushBoard.dir/D_/Development/MarkApp/RushBoard/Firmware/pico-sdk/src/rp2_common/pico_divider/divider.S.obj
                0x10003c08                div_s64s64
                0x10003c08                divmod_s64s64
                0x10003c08                __wrap___aeabi_ldivmod
                0x10003c38                divmod_u64u64
                0x10003c38                div_u64u64
                0x10003c38                __wrap___aeabi_uldivmod
                0x10003c48                divmod_u64u64_savestate
                0x10003c68                divmod_s64s64_unsafe
                0x10003cf0                divmod_u64u64_unsafe
 .text.__wrap___aeabi_darithmetic
                0x1000402c       0x80 CMakeFiles/rushBoard.dir/D_/Development/MarkApp/RushBoard/Firmware/pico-sdk/src/rp2_common/pico_double/double_aeabi.S.obj
                0x1000402c                __wrap___aeabi_drsub
                0x10004032                __wrap___aeabi_dsub
                0x10004044                __wrap___aeabi_dadd
                0x10004056                __wrap___aeabi_ddiv
                0x10004092                __wrap___aeabi_dmul
 .text.__wrap___aeabi_cdcmple
                0x100040ac       0x6c CMakeFiles/rushBoard.dir/D_/Development/MarkApp/RushBoard/Firmware/pico-sdk/src/rp2_common/pico_double/double_aeabi.S.obj
                0x100040ac                __wrap___aeabi_cdrcmple
                0x100040bc                __wrap___aeabi_cdcmpeq
                0x100040bc                __wrap___aeabi_cdcmple
 .text.__wrap___aeabi_dcmplt
                0x10004118        0xc CMakeFiles/rushBoard.dir/D_/Development/MarkApp/RushBoard/Firmware/pico-sdk/src/rp2_common/pico_double/double_aeabi.S.obj
                0x10004118                __wrap___aeabi_dcmplt
 .text.__wrap___aeabi_dcmple
                0x10004124       0x10 CMakeFiles/rushBoard.dir/D_/Development/MarkApp/RushBoard/Firmware/pico-sdk/src/rp2_common/pico_double/double_aeabi.S.obj
                0x10004124                __wrap___aeabi_dcmple
 .text.__wrap___aeabi_dcmpge
                0x10004134       0x10 CMakeFiles/rushBoard.dir/D_/Development/MarkApp/RushBoard/Firmware/pico-sdk/src/rp2_common/pico_double/double_aeabi.S.obj
                0x10004134                __wrap___aeabi_dcmpge
 .text.__wrap___aeabi_dcmpgt
                0x10004144        0xa CMakeFiles/rushBoard.dir/D_/Development/MarkApp/RushBoard/Firmware/pico-sdk/src/rp2_common/pico_double/double_aeabi.S.obj
                0x10004144                __wrap___aeabi_dcmpgt
 .text.__wrap___aeabi_dcmpun
                0x1000414e       0x1c CMakeFiles/rushBoard.dir/D_/Development/MarkApp/RushBoard/Firmware/pico-sdk/src/rp2_common/pico_double/double_aeabi.S.obj
                0x1000414e                __wrap___aeabi_dcmpun
 *fill*         0x1000416a        0x2 
 .text.__wrap___aeabi_i2d
                0x1000416c       0x38 CMakeFiles/rushBoard.dir/D_/Development/MarkApp/RushBoard/Firmware/pico-sdk/src/rp2_common/pico_double/double_aeabi.S.obj
                0x1000416c                __wrap___aeabi_ui2d
                0x10004174                __wrap___aeabi_i2d
 .text.__wrap___aeabi_d2iz
                0x100041a4       0x48 CMakeFiles/rushBoard.dir/D_/Development/MarkApp/RushBoard/Firmware/pico-sdk/src/rp2_common/pico_double/double_aeabi.S.obj
                0x100041a4                double2int_z
                0x100041a4                __wrap___aeabi_d2iz
 .text.__wrap___aeabi_d2uiz
                0x100041ec       0x18 CMakeFiles/rushBoard.dir/D_/Development/MarkApp/RushBoard/Firmware/pico-sdk/src/rp2_common/pico_double/double_aeabi.S.obj
                0x100041ec                __wrap___aeabi_d2uiz
                0x100041ec                double2uint
 .text.__aeabi_double_init
                0x10004204       0xc8 CMakeFiles/rushBoard.dir/D_/Development/MarkApp/RushBoard/Firmware/pico-sdk/src/rp2_common/pico_double/double_init_rom.c.obj
                0x10004204                __aeabi_double_init
 .text.double_table_shim_on_use_helper
                0x100042cc       0x34 CMakeFiles/rushBoard.dir/D_/Development/MarkApp/RushBoard/Firmware/pico-sdk/src/rp2_common/pico_double/double_v1_rom_shim.S.obj
                0x100042cc                double_table_shim_on_use_helper
 .text.__wrap___aeabi_dsub
                0x10004300       0x10 CMakeFiles/rushBoard.dir/D_/Development/MarkApp/RushBoard/Firmware/pico-sdk/src/rp2_common/pico_double/double_v1_rom_shim.S.obj
                0x10004300                drsub_shim
                0x10004306                dsub_shim
 .text.dadd_shim
                0x10004310      0x15c CMakeFiles/rushBoard.dir/D_/Development/MarkApp/RushBoard/Firmware/pico-sdk/src/rp2_common/pico_double/double_v1_rom_shim.S.obj
                0x10004310                dadd_shim
 .text.dmul_shim
                0x1000446c      0x15c CMakeFiles/rushBoard.dir/D_/Development/MarkApp/RushBoard/Firmware/pico-sdk/src/rp2_common/pico_double/double_v1_rom_shim.S.obj
                0x1000446c                dmul_shim
 .text.ddiv_shim
                0x100045c8      0x1b0 CMakeFiles/rushBoard.dir/D_/Development/MarkApp/RushBoard/Firmware/pico-sdk/src/rp2_common/pico_double/double_v1_rom_shim.S.obj
                0x100045c8                ddiv_shim
 .text.double2uint_shim
                0x10004778        0xe CMakeFiles/rushBoard.dir/D_/Development/MarkApp/RushBoard/Firmware/pico-sdk/src/rp2_common/pico_double/double_v1_rom_shim.S.obj
                0x10004778                double2uint_shim
                0x1000477a                double2ufix_shim
 *fill*         0x10004786        0x2 
 .text.double2uint64_shim
                0x10004788       0x70 CMakeFiles/rushBoard.dir/D_/Development/MarkApp/RushBoard/Firmware/pico-sdk/src/rp2_common/pico_double/double_v1_rom_shim.S.obj
                0x10004788                double2uint64_shim
                0x1000478a                double2ufix64_shim
                0x100047aa                d2fix_a
 .text.dunpacks
                0x100047f8       0x3c CMakeFiles/rushBoard.dir/D_/Development/MarkApp/RushBoard/Firmware/pico-sdk/src/rp2_common/pico_double/double_v1_rom_shim.S.obj
                0x100047f8                dunpacks
 .text.__aeabi_lmul
                0x10004834       0x32 CMakeFiles/rushBoard.dir/D_/Development/MarkApp/RushBoard/Firmware/pico-sdk/src/rp2_common/pico_int64_ops/pico_int64_ops_aeabi.S.obj
                0x10004834                __wrap___aeabi_lmul
 *fill*         0x10004866        0x2 
 .text.__aeabi_float_init
                0x10004868       0xfc CMakeFiles/rushBoard.dir/D_/Development/MarkApp/RushBoard/Firmware/pico-sdk/src/rp2_common/pico_float/float_init_rom.c.obj
                0x10004868                __aeabi_float_init
 .text.float_table_shim_on_use_helper
                0x10004964       0x34 CMakeFiles/rushBoard.dir/D_/Development/MarkApp/RushBoard/Firmware/pico-sdk/src/rp2_common/pico_float/float_v1_rom_shim.S.obj
                0x10004964                float_table_shim_on_use_helper
 .text          0x10004998       0x10 CMakeFiles/rushBoard.dir/D_/Development/MarkApp/RushBoard/Firmware/pico-sdk/src/rp2_common/pico_mem_ops/mem_ops_aeabi.S.obj
                0x10004998                __aeabi_mem_init
 .text.memset   0x100049a8        0xc CMakeFiles/rushBoard.dir/D_/Development/MarkApp/RushBoard/Firmware/pico-sdk/src/rp2_common/pico_mem_ops/mem_ops_aeabi.S.obj
                0x100049a8                __wrap_memset
 .text.memcpy   0x100049b4        0xc CMakeFiles/rushBoard.dir/D_/Development/MarkApp/RushBoard/Firmware/pico-sdk/src/rp2_common/pico_mem_ops/mem_ops_aeabi.S.obj
                0x100049b4                __wrap_memcpy
                0x100049b4                __wrap___aeabi_memcpy
 .text.stdio_out_chars_no_crlf
                0x100049c0        0xe CMakeFiles/rushBoard.dir/D_/Development/MarkApp/RushBoard/Firmware/pico-sdk/src/rp2_common/pico_stdio/stdio.c.obj
 *fill*         0x100049ce        0x2 
 .text.stdio_out_chars_crlf
                0x100049d0       0x80 CMakeFiles/rushBoard.dir/D_/Development/MarkApp/RushBoard/Firmware/pico-sdk/src/rp2_common/pico_stdio/stdio.c.obj
 .text.stdio_stack_buffer_flush
                0x10004a50       0x44 CMakeFiles/rushBoard.dir/D_/Development/MarkApp/RushBoard/Firmware/pico-sdk/src/rp2_common/pico_stdio/stdio.c.obj
 .text.stdio_buffered_printer
                0x10004a94       0x20 CMakeFiles/rushBoard.dir/D_/Development/MarkApp/RushBoard/Firmware/pico-sdk/src/rp2_common/pico_stdio/stdio.c.obj
 .text.stdio_get_until
                0x10004ab4       0x80 CMakeFiles/rushBoard.dir/D_/Development/MarkApp/RushBoard/Firmware/pico-sdk/src/rp2_common/pico_stdio/stdio.c.obj
 .text.stdout_serialize_begin
                0x10004b34       0x5c CMakeFiles/rushBoard.dir/D_/Development/MarkApp/RushBoard/Firmware/pico-sdk/src/rp2_common/pico_stdio/stdio.c.obj
                0x10004b34                stdout_serialize_begin
 .text.stdout_serialize_end
                0x10004b90       0x10 CMakeFiles/rushBoard.dir/D_/Development/MarkApp/RushBoard/Firmware/pico-sdk/src/rp2_common/pico_stdio/stdio.c.obj
                0x10004b90                stdout_serialize_end
 .text.stdio_put_string
                0x10004ba0       0x98 CMakeFiles/rushBoard.dir/D_/Development/MarkApp/RushBoard/Firmware/pico-sdk/src/rp2_common/pico_stdio/stdio.c.obj
 .text.stdio_set_driver_enabled
                0x10004c38       0x2c CMakeFiles/rushBoard.dir/D_/Development/MarkApp/RushBoard/Firmware/pico-sdk/src/rp2_common/pico_stdio/stdio.c.obj
                0x10004c38                stdio_set_driver_enabled
 .text.stdio_flush
                0x10004c64       0x20 CMakeFiles/rushBoard.dir/D_/Development/MarkApp/RushBoard/Firmware/pico-sdk/src/rp2_common/pico_stdio/stdio.c.obj
                0x10004c64                stdio_flush
 .text.__wrap_puts
                0x10004c84       0x1e CMakeFiles/rushBoard.dir/D_/Development/MarkApp/RushBoard/Firmware/pico-sdk/src/rp2_common/pico_stdio/stdio.c.obj
                0x10004c84                __wrap_puts
 *fill*         0x10004ca2        0x2 
 .text.__wrap_vprintf
                0x10004ca4       0x40 CMakeFiles/rushBoard.dir/D_/Development/MarkApp/RushBoard/Firmware/pico-sdk/src/rp2_common/pico_stdio/stdio.c.obj
                0x10004ca4                __wrap_vprintf
 .text.__wrap_printf
                0x10004ce4       0x18 CMakeFiles/rushBoard.dir/D_/Development/MarkApp/RushBoard/Firmware/pico-sdk/src/rp2_common/pico_stdio/stdio.c.obj
                0x10004ce4                __wrap_printf
 .text.stdio_init_all
                0x10004cfc        0x8 CMakeFiles/rushBoard.dir/D_/Development/MarkApp/RushBoard/Firmware/pico-sdk/src/rp2_common/pico_stdio/stdio.c.obj
                0x10004cfc                stdio_init_all
 .text.__wrap_getchar
                0x10004d04       0x40 CMakeFiles/rushBoard.dir/D_/Development/MarkApp/RushBoard/Firmware/pico-sdk/src/rp2_common/pico_stdio/stdio.c.obj
                0x10004d04                __wrap_getchar
 .text.resetd_init
                0x10004d44        0x2 CMakeFiles/rushBoard.dir/D_/Development/MarkApp/RushBoard/Firmware/pico-sdk/src/rp2_common/pico_stdio_usb/reset_interface.c.obj
 *fill*         0x10004d46        0x2 
 .text.resetd_reset
                0x10004d48        0xc CMakeFiles/rushBoard.dir/D_/Development/MarkApp/RushBoard/Firmware/pico-sdk/src/rp2_common/pico_stdio_usb/reset_interface.c.obj
 .text.resetd_open
                0x10004d54       0x34 CMakeFiles/rushBoard.dir/D_/Development/MarkApp/RushBoard/Firmware/pico-sdk/src/rp2_common/pico_stdio_usb/reset_interface.c.obj
 .text.resetd_xfer_cb
                0x10004d88        0x4 CMakeFiles/rushBoard.dir/D_/Development/MarkApp/RushBoard/Firmware/pico-sdk/src/rp2_common/pico_stdio_usb/reset_interface.c.obj
 .text.reset_usb_boot
                0x10004d8c       0x18 CMakeFiles/rushBoard.dir/D_/Development/MarkApp/RushBoard/Firmware/pico-sdk/src/rp2_common/pico_stdio_usb/reset_interface.c.obj
 .text.resetd_control_xfer_cb
                0x10004da4       0x5c CMakeFiles/rushBoard.dir/D_/Development/MarkApp/RushBoard/Firmware/pico-sdk/src/rp2_common/pico_stdio_usb/reset_interface.c.obj
 .text.usbd_app_driver_get_cb
                0x10004e00        0xc CMakeFiles/rushBoard.dir/D_/Development/MarkApp/RushBoard/Firmware/pico-sdk/src/rp2_common/pico_stdio_usb/reset_interface.c.obj
                0x10004e00                usbd_app_driver_get_cb
 .text.tud_cdc_line_coding_cb
                0x10004e0c       0x28 CMakeFiles/rushBoard.dir/D_/Development/MarkApp/RushBoard/Firmware/pico-sdk/src/rp2_common/pico_stdio_usb/reset_interface.c.obj
                0x10004e0c                tud_cdc_line_coding_cb
 .text.stdio_usb_set_chars_available_callback
                0x10004e34       0x14 CMakeFiles/rushBoard.dir/D_/Development/MarkApp/RushBoard/Firmware/pico-sdk/src/rp2_common/pico_stdio_usb/stdio_usb.c.obj
                0x10004e34                stdio_usb_set_chars_available_callback
 .text.usb_irq  0x10004e48       0x10 CMakeFiles/rushBoard.dir/D_/Development/MarkApp/RushBoard/Firmware/pico-sdk/src/rp2_common/pico_stdio_usb/stdio_usb.c.obj
 .text.timer_task
                0x10004e58       0x58 CMakeFiles/rushBoard.dir/D_/Development/MarkApp/RushBoard/Firmware/pico-sdk/src/rp2_common/pico_stdio_usb/stdio_usb.c.obj
 .text.low_priority_worker_irq
                0x10004eb0       0xd8 CMakeFiles/rushBoard.dir/D_/Development/MarkApp/RushBoard/Firmware/pico-sdk/src/rp2_common/pico_stdio_usb/stdio_usb.c.obj
 .text.tud_cdc_rx_cb
                0x10004f88       0x20 CMakeFiles/rushBoard.dir/D_/Development/MarkApp/RushBoard/Firmware/pico-sdk/src/rp2_common/pico_stdio_usb/stdio_usb.c.obj
                0x10004f88                tud_cdc_rx_cb
 .text.stdio_usb_init
                0x10004fa8      0x12c CMakeFiles/rushBoard.dir/D_/Development/MarkApp/RushBoard/Firmware/pico-sdk/src/rp2_common/pico_stdio_usb/stdio_usb.c.obj
                0x10004fa8                stdio_usb_init
 .text.stdio_usb_connected
                0x100050d4        0xa CMakeFiles/rushBoard.dir/D_/Development/MarkApp/RushBoard/Firmware/pico-sdk/src/rp2_common/pico_stdio_usb/stdio_usb.c.obj
                0x100050d4                stdio_usb_connected
 *fill*         0x100050de        0x2 
 .text.stdio_usb_in_chars
                0x100050e0       0xc4 CMakeFiles/rushBoard.dir/D_/Development/MarkApp/RushBoard/Firmware/pico-sdk/src/rp2_common/pico_stdio_usb/stdio_usb.c.obj
                0x100050e0                stdio_usb_in_chars
 .text.stdio_usb_out_chars
                0x100051a4      0x114 CMakeFiles/rushBoard.dir/D_/Development/MarkApp/RushBoard/Firmware/pico-sdk/src/rp2_common/pico_stdio_usb/stdio_usb.c.obj
 .text.tud_descriptor_device_cb
                0x100052b8        0x8 CMakeFiles/rushBoard.dir/D_/Development/MarkApp/RushBoard/Firmware/pico-sdk/src/rp2_common/pico_stdio_usb/stdio_usb_descriptors.c.obj
                0x100052b8                tud_descriptor_device_cb
 .text.tud_descriptor_configuration_cb
                0x100052c0        0x8 CMakeFiles/rushBoard.dir/D_/Development/MarkApp/RushBoard/Firmware/pico-sdk/src/rp2_common/pico_stdio_usb/stdio_usb_descriptors.c.obj
                0x100052c0                tud_descriptor_configuration_cb
 .text.tud_descriptor_string_cb
                0x100052c8       0x6c CMakeFiles/rushBoard.dir/D_/Development/MarkApp/RushBoard/Firmware/pico-sdk/src/rp2_common/pico_stdio_usb/stdio_usb_descriptors.c.obj
                0x100052c8                tud_descriptor_string_cb
 .text._retrieve_unique_id_on_boot
                0x10005334       0x10 CMakeFiles/rushBoard.dir/D_/Development/MarkApp/RushBoard/Firmware/pico-sdk/src/rp2_common/pico_unique_id/unique_id.c.obj
 .text.pico_get_unique_board_id_string
                0x10005344       0x60 CMakeFiles/rushBoard.dir/D_/Development/MarkApp/RushBoard/Firmware/pico-sdk/src/rp2_common/pico_unique_id/unique_id.c.obj
                0x10005344                pico_get_unique_board_id_string
 .text.flash_get_unique_id
                0x100053a4       0x46 CMakeFiles/rushBoard.dir/D_/Development/MarkApp/RushBoard/Firmware/pico-sdk/src/rp2_common/hardware_flash/flash.c.obj
                0x100053a4                flash_get_unique_id
 *fill*         0x100053ea        0x2 
 .text.hw_endpoint_get_by_addr
                0x100053ec       0x18 CMakeFiles/rushBoard.dir/D_/Development/MarkApp/RushBoard/Firmware/pico-sdk/lib/tinyusb/src/portable/raspberrypi/rp2040/dcd_rp2040.c.obj
 .text._hw_endpoint_alloc
                0x10005404       0x70 CMakeFiles/rushBoard.dir/D_/Development/MarkApp/RushBoard/Firmware/pico-sdk/lib/tinyusb/src/portable/raspberrypi/rp2040/dcd_rp2040.c.obj
 .text.hw_endpoint_init
                0x10005474       0x88 CMakeFiles/rushBoard.dir/D_/Development/MarkApp/RushBoard/Firmware/pico-sdk/lib/tinyusb/src/portable/raspberrypi/rp2040/dcd_rp2040.c.obj
 .text.hw_endpoint_xfer
                0x100054fc       0x14 CMakeFiles/rushBoard.dir/D_/Development/MarkApp/RushBoard/Firmware/pico-sdk/lib/tinyusb/src/portable/raspberrypi/rp2040/dcd_rp2040.c.obj
 .text.dcd_int_enable
                0x10005510       0x2c CMakeFiles/rushBoard.dir/D_/Development/MarkApp/RushBoard/Firmware/pico-sdk/lib/tinyusb/src/portable/raspberrypi/rp2040/dcd_rp2040.c.obj
                0x10005510                dcd_int_enable
 .text.dcd_set_address
                0x1000553c       0x2c CMakeFiles/rushBoard.dir/D_/Development/MarkApp/RushBoard/Firmware/pico-sdk/lib/tinyusb/src/portable/raspberrypi/rp2040/dcd_rp2040.c.obj
                0x1000553c                dcd_set_address
 .text.dcd_connect
                0x10005568       0x10 CMakeFiles/rushBoard.dir/D_/Development/MarkApp/RushBoard/Firmware/pico-sdk/lib/tinyusb/src/portable/raspberrypi/rp2040/dcd_rp2040.c.obj
                0x10005568                dcd_connect
 .text.dcd_init
                0x10005578       0x80 CMakeFiles/rushBoard.dir/D_/Development/MarkApp/RushBoard/Firmware/pico-sdk/lib/tinyusb/src/portable/raspberrypi/rp2040/dcd_rp2040.c.obj
                0x10005578                dcd_init
 .text.dcd_edpt0_status_complete
                0x100055f8       0x1c CMakeFiles/rushBoard.dir/D_/Development/MarkApp/RushBoard/Firmware/pico-sdk/lib/tinyusb/src/portable/raspberrypi/rp2040/dcd_rp2040.c.obj
                0x100055f8                dcd_edpt0_status_complete
 .text.dcd_edpt_open
                0x10005614       0x40 CMakeFiles/rushBoard.dir/D_/Development/MarkApp/RushBoard/Firmware/pico-sdk/lib/tinyusb/src/portable/raspberrypi/rp2040/dcd_rp2040.c.obj
                0x10005614                dcd_edpt_open
 .text.dcd_edpt_close_all
                0x10005654        0x8 CMakeFiles/rushBoard.dir/D_/Development/MarkApp/RushBoard/Firmware/pico-sdk/lib/tinyusb/src/portable/raspberrypi/rp2040/dcd_rp2040.c.obj
                0x10005654                dcd_edpt_close_all
 .text.dcd_edpt_xfer
                0x1000565c       0x34 CMakeFiles/rushBoard.dir/D_/Development/MarkApp/RushBoard/Firmware/pico-sdk/lib/tinyusb/src/portable/raspberrypi/rp2040/dcd_rp2040.c.obj
                0x1000565c                dcd_edpt_xfer
 .text.dcd_edpt_stall
                0x10005690       0x2c CMakeFiles/rushBoard.dir/D_/Development/MarkApp/RushBoard/Firmware/pico-sdk/lib/tinyusb/src/portable/raspberrypi/rp2040/dcd_rp2040.c.obj
                0x10005690                dcd_edpt_stall
 .text.dcd_edpt_clear_stall
                0x100056bc       0x20 CMakeFiles/rushBoard.dir/D_/Development/MarkApp/RushBoard/Firmware/pico-sdk/lib/tinyusb/src/portable/raspberrypi/rp2040/dcd_rp2040.c.obj
                0x100056bc                dcd_edpt_clear_stall
 .text.rp2040_usb_init
                0x100056dc       0x4c CMakeFiles/rushBoard.dir/D_/Development/MarkApp/RushBoard/Firmware/pico-sdk/lib/tinyusb/src/portable/raspberrypi/rp2040/rp2040_usb.c.obj
                0x100056dc                rp2040_usb_init
 .text.hw_endpoint_xfer_start
                0x10005728       0x50 CMakeFiles/rushBoard.dir/D_/Development/MarkApp/RushBoard/Firmware/pico-sdk/lib/tinyusb/src/portable/raspberrypi/rp2040/rp2040_usb.c.obj
                0x10005728                hw_endpoint_xfer_start
 .text.configuration_reset
                0x10005778       0x84 CMakeFiles/rushBoard.dir/D_/Development/MarkApp/RushBoard/Firmware/pico-sdk/lib/tinyusb/src/device/usbd.c.obj
 .text.usbd_reset
                0x100057fc        0xc CMakeFiles/rushBoard.dir/D_/Development/MarkApp/RushBoard/Firmware/pico-sdk/lib/tinyusb/src/device/usbd.c.obj
 .text.invoke_class_control
                0x10005808       0x1a CMakeFiles/rushBoard.dir/D_/Development/MarkApp/RushBoard/Firmware/pico-sdk/lib/tinyusb/src/device/usbd.c.obj
 *fill*         0x10005822        0x2 
 .text.process_set_config
                0x10005824      0x178 CMakeFiles/rushBoard.dir/D_/Development/MarkApp/RushBoard/Firmware/pico-sdk/lib/tinyusb/src/device/usbd.c.obj
 .text.process_get_descriptor
                0x1000599c       0xdc CMakeFiles/rushBoard.dir/D_/Development/MarkApp/RushBoard/Firmware/pico-sdk/lib/tinyusb/src/device/usbd.c.obj
 .text.tud_mounted
                0x10005a78       0x10 CMakeFiles/rushBoard.dir/D_/Development/MarkApp/RushBoard/Firmware/pico-sdk/lib/tinyusb/src/device/usbd.c.obj
                0x10005a78                tud_mounted
 .text.tud_suspended
                0x10005a88       0x10 CMakeFiles/rushBoard.dir/D_/Development/MarkApp/RushBoard/Firmware/pico-sdk/lib/tinyusb/src/device/usbd.c.obj
                0x10005a88                tud_suspended
 .text.tud_inited
                0x10005a98       0x14 CMakeFiles/rushBoard.dir/D_/Development/MarkApp/RushBoard/Firmware/pico-sdk/lib/tinyusb/src/device/usbd.c.obj
                0x10005a98                tud_inited
 .text.tud_init
                0x10005aac       0xcc CMakeFiles/rushBoard.dir/D_/Development/MarkApp/RushBoard/Firmware/pico-sdk/lib/tinyusb/src/device/usbd.c.obj
                0x10005aac                tud_init
 .text.usbd_defer_func
                0x10005b78       0x2a CMakeFiles/rushBoard.dir/D_/Development/MarkApp/RushBoard/Firmware/pico-sdk/lib/tinyusb/src/device/usbd.c.obj
                0x10005b78                usbd_defer_func
 *fill*         0x10005ba2        0x2 
 .text.usbd_edpt_open
                0x10005ba4       0x34 CMakeFiles/rushBoard.dir/D_/Development/MarkApp/RushBoard/Firmware/pico-sdk/lib/tinyusb/src/device/usbd.c.obj
                0x10005ba4                usbd_edpt_open
 .text.usbd_open_edpt_pair
                0x10005bd8       0x62 CMakeFiles/rushBoard.dir/D_/Development/MarkApp/RushBoard/Firmware/pico-sdk/lib/tinyusb/src/device/usbd.c.obj
                0x10005bd8                usbd_open_edpt_pair
 *fill*         0x10005c3a        0x2 
 .text.usbd_edpt_claim
                0x10005c3c       0x28 CMakeFiles/rushBoard.dir/D_/Development/MarkApp/RushBoard/Firmware/pico-sdk/lib/tinyusb/src/device/usbd.c.obj
                0x10005c3c                usbd_edpt_claim
 .text.usbd_edpt_release
                0x10005c64       0x28 CMakeFiles/rushBoard.dir/D_/Development/MarkApp/RushBoard/Firmware/pico-sdk/lib/tinyusb/src/device/usbd.c.obj
                0x10005c64                usbd_edpt_release
 .text.usbd_edpt_xfer
                0x10005c8c       0x78 CMakeFiles/rushBoard.dir/D_/Development/MarkApp/RushBoard/Firmware/pico-sdk/lib/tinyusb/src/device/usbd.c.obj
                0x10005c8c                usbd_edpt_xfer
 .text.usbd_edpt_stall
                0x10005d04       0x48 CMakeFiles/rushBoard.dir/D_/Development/MarkApp/RushBoard/Firmware/pico-sdk/lib/tinyusb/src/device/usbd.c.obj
                0x10005d04                usbd_edpt_stall
 .text.usbd_edpt_clear_stall
                0x10005d4c       0x48 CMakeFiles/rushBoard.dir/D_/Development/MarkApp/RushBoard/Firmware/pico-sdk/lib/tinyusb/src/device/usbd.c.obj
                0x10005d4c                usbd_edpt_clear_stall
 .text.usbd_edpt_stalled
                0x10005d94       0x1c CMakeFiles/rushBoard.dir/D_/Development/MarkApp/RushBoard/Firmware/pico-sdk/lib/tinyusb/src/device/usbd.c.obj
                0x10005d94                usbd_edpt_stalled
 .text.process_control_request
                0x10005db0      0x37c CMakeFiles/rushBoard.dir/D_/Development/MarkApp/RushBoard/Firmware/pico-sdk/lib/tinyusb/src/device/usbd.c.obj
 .text.tud_task_ext
                0x1000612c      0x1b4 CMakeFiles/rushBoard.dir/D_/Development/MarkApp/RushBoard/Firmware/pico-sdk/lib/tinyusb/src/device/usbd.c.obj
                0x1000612c                tud_task_ext
 .text._data_stage_xact
                0x100062e0       0x58 CMakeFiles/rushBoard.dir/D_/Development/MarkApp/RushBoard/Firmware/pico-sdk/lib/tinyusb/src/device/usbd_control.c.obj
 .text.tud_control_status
                0x10006338       0x38 CMakeFiles/rushBoard.dir/D_/Development/MarkApp/RushBoard/Firmware/pico-sdk/lib/tinyusb/src/device/usbd_control.c.obj
                0x10006338                tud_control_status
 .text.tud_control_xfer
                0x10006370       0x74 CMakeFiles/rushBoard.dir/D_/Development/MarkApp/RushBoard/Firmware/pico-sdk/lib/tinyusb/src/device/usbd_control.c.obj
                0x10006370                tud_control_xfer
 .text.usbd_control_reset
                0x100063e4       0x14 CMakeFiles/rushBoard.dir/D_/Development/MarkApp/RushBoard/Firmware/pico-sdk/lib/tinyusb/src/device/usbd_control.c.obj
                0x100063e4                usbd_control_reset
 .text.usbd_control_set_complete_callback
                0x100063f8        0xc CMakeFiles/rushBoard.dir/D_/Development/MarkApp/RushBoard/Firmware/pico-sdk/lib/tinyusb/src/device/usbd_control.c.obj
                0x100063f8                usbd_control_set_complete_callback
 .text.usbd_control_set_request
                0x10006404       0x1c CMakeFiles/rushBoard.dir/D_/Development/MarkApp/RushBoard/Firmware/pico-sdk/lib/tinyusb/src/device/usbd_control.c.obj
                0x10006404                usbd_control_set_request
 .text.usbd_control_xfer_cb
                0x10006420       0xcc CMakeFiles/rushBoard.dir/D_/Development/MarkApp/RushBoard/Firmware/pico-sdk/lib/tinyusb/src/device/usbd_control.c.obj
                0x10006420                usbd_control_xfer_cb
 .text._prep_out_transaction
                0x100064ec       0x4a CMakeFiles/rushBoard.dir/D_/Development/MarkApp/RushBoard/Firmware/pico-sdk/lib/tinyusb/src/class/cdc/cdc_device.c.obj
 *fill*         0x10006536        0x2 
 .text.tud_cdc_n_connected
                0x10006538       0x44 CMakeFiles/rushBoard.dir/D_/Development/MarkApp/RushBoard/Firmware/pico-sdk/lib/tinyusb/src/class/cdc/cdc_device.c.obj
                0x10006538                tud_cdc_n_connected
 .text.tud_cdc_n_available
                0x1000657c       0x18 CMakeFiles/rushBoard.dir/D_/Development/MarkApp/RushBoard/Firmware/pico-sdk/lib/tinyusb/src/class/cdc/cdc_device.c.obj
                0x1000657c                tud_cdc_n_available
 .text.tud_cdc_n_read
                0x10006594       0x28 CMakeFiles/rushBoard.dir/D_/Development/MarkApp/RushBoard/Firmware/pico-sdk/lib/tinyusb/src/class/cdc/cdc_device.c.obj
                0x10006594                tud_cdc_n_read
 .text.tud_cdc_n_write_flush
                0x100065bc       0xb8 CMakeFiles/rushBoard.dir/D_/Development/MarkApp/RushBoard/Firmware/pico-sdk/lib/tinyusb/src/class/cdc/cdc_device.c.obj
                0x100065bc                tud_cdc_n_write_flush
 .text.tud_cdc_n_write
                0x10006674       0x38 CMakeFiles/rushBoard.dir/D_/Development/MarkApp/RushBoard/Firmware/pico-sdk/lib/tinyusb/src/class/cdc/cdc_device.c.obj
                0x10006674                tud_cdc_n_write
 .text.tud_cdc_n_write_available
                0x100066ac       0x1c CMakeFiles/rushBoard.dir/D_/Development/MarkApp/RushBoard/Firmware/pico-sdk/lib/tinyusb/src/class/cdc/cdc_device.c.obj
                0x100066ac                tud_cdc_n_write_available
 .text.cdcd_init
                0x100066c8       0xbc CMakeFiles/rushBoard.dir/D_/Development/MarkApp/RushBoard/Firmware/pico-sdk/lib/tinyusb/src/class/cdc/cdc_device.c.obj
                0x100066c8                cdcd_init
 .text.cdcd_reset
                0x10006784       0x44 CMakeFiles/rushBoard.dir/D_/Development/MarkApp/RushBoard/Firmware/pico-sdk/lib/tinyusb/src/class/cdc/cdc_device.c.obj
                0x10006784                cdcd_reset
 .text.cdcd_open
                0x100067c8       0xcc CMakeFiles/rushBoard.dir/D_/Development/MarkApp/RushBoard/Firmware/pico-sdk/lib/tinyusb/src/class/cdc/cdc_device.c.obj
                0x100067c8                cdcd_open
 .text.cdcd_control_xfer_cb
                0x10006894      0x134 CMakeFiles/rushBoard.dir/D_/Development/MarkApp/RushBoard/Firmware/pico-sdk/lib/tinyusb/src/class/cdc/cdc_device.c.obj
                0x10006894                cdcd_control_xfer_cb
 .text.cdcd_xfer_cb
                0x100069c8      0x130 CMakeFiles/rushBoard.dir/D_/Development/MarkApp/RushBoard/Firmware/pico-sdk/lib/tinyusb/src/class/cdc/cdc_device.c.obj
                0x100069c8                cdcd_xfer_cb
 .text.tusb_init
                0x10006af8        0xa CMakeFiles/rushBoard.dir/D_/Development/MarkApp/RushBoard/Firmware/pico-sdk/lib/tinyusb/src/tusb.c.obj
                0x10006af8                tusb_init
 .text.tusb_inited
                0x10006b02        0xe CMakeFiles/rushBoard.dir/D_/Development/MarkApp/RushBoard/Firmware/pico-sdk/lib/tinyusb/src/tusb.c.obj
                0x10006b02                tusb_inited
 .text.tu_edpt_claim
                0x10006b10       0x50 CMakeFiles/rushBoard.dir/D_/Development/MarkApp/RushBoard/Firmware/pico-sdk/lib/tinyusb/src/tusb.c.obj
                0x10006b10                tu_edpt_claim
 .text.tu_edpt_release
                0x10006b60       0x3c CMakeFiles/rushBoard.dir/D_/Development/MarkApp/RushBoard/Firmware/pico-sdk/lib/tinyusb/src/tusb.c.obj
                0x10006b60                tu_edpt_release
 .text.tu_edpt_validate
                0x10006b9c       0x78 CMakeFiles/rushBoard.dir/D_/Development/MarkApp/RushBoard/Firmware/pico-sdk/lib/tinyusb/src/tusb.c.obj
                0x10006b9c                tu_edpt_validate
 .text.tu_edpt_bind_driver
                0x10006c14       0x26 CMakeFiles/rushBoard.dir/D_/Development/MarkApp/RushBoard/Firmware/pico-sdk/lib/tinyusb/src/tusb.c.obj
                0x10006c14                tu_edpt_bind_driver
 .text.advance_index
                0x10006c3a       0x1a CMakeFiles/rushBoard.dir/D_/Development/MarkApp/RushBoard/Firmware/pico-sdk/lib/tinyusb/src/common/tusb_fifo.c.obj
 .text._tu_fifo_peek
                0x10006c54       0x56 CMakeFiles/rushBoard.dir/D_/Development/MarkApp/RushBoard/Firmware/pico-sdk/lib/tinyusb/src/common/tusb_fifo.c.obj
 .text._ff_pull_const_addr
                0x10006caa       0x4c CMakeFiles/rushBoard.dir/D_/Development/MarkApp/RushBoard/Firmware/pico-sdk/lib/tinyusb/src/common/tusb_fifo.c.obj
 .text._ff_pull_n
                0x10006cf6      0x110 CMakeFiles/rushBoard.dir/D_/Development/MarkApp/RushBoard/Firmware/pico-sdk/lib/tinyusb/src/common/tusb_fifo.c.obj
 .text._tu_fifo_peek_n
                0x10006e06       0x6a CMakeFiles/rushBoard.dir/D_/Development/MarkApp/RushBoard/Firmware/pico-sdk/lib/tinyusb/src/common/tusb_fifo.c.obj
 .text._tu_fifo_read_n
                0x10006e70       0x4e CMakeFiles/rushBoard.dir/D_/Development/MarkApp/RushBoard/Firmware/pico-sdk/lib/tinyusb/src/common/tusb_fifo.c.obj
 .text._ff_push_const_addr
                0x10006ebe       0x40 CMakeFiles/rushBoard.dir/D_/Development/MarkApp/RushBoard/Firmware/pico-sdk/lib/tinyusb/src/common/tusb_fifo.c.obj
 .text._ff_push_n
                0x10006efe      0x10c CMakeFiles/rushBoard.dir/D_/Development/MarkApp/RushBoard/Firmware/pico-sdk/lib/tinyusb/src/common/tusb_fifo.c.obj
 .text._tu_fifo_write_n
                0x1000700a       0xf0 CMakeFiles/rushBoard.dir/D_/Development/MarkApp/RushBoard/Firmware/pico-sdk/lib/tinyusb/src/common/tusb_fifo.c.obj
 .text.tu_fifo_config
                0x100070fa       0x7c CMakeFiles/rushBoard.dir/D_/Development/MarkApp/RushBoard/Firmware/pico-sdk/lib/tinyusb/src/common/tusb_fifo.c.obj
                0x100070fa                tu_fifo_config
 .text.tu_fifo_count
                0x10007176       0x2a CMakeFiles/rushBoard.dir/D_/Development/MarkApp/RushBoard/Firmware/pico-sdk/lib/tinyusb/src/common/tusb_fifo.c.obj
                0x10007176                tu_fifo_count
 .text.tu_fifo_empty
                0x100071a0       0x10 CMakeFiles/rushBoard.dir/D_/Development/MarkApp/RushBoard/Firmware/pico-sdk/lib/tinyusb/src/common/tusb_fifo.c.obj
                0x100071a0                tu_fifo_empty
 .text.tu_fifo_full
                0x100071b0       0x28 CMakeFiles/rushBoard.dir/D_/Development/MarkApp/RushBoard/Firmware/pico-sdk/lib/tinyusb/src/common/tusb_fifo.c.obj
                0x100071b0                tu_fifo_full
 .text.tu_fifo_remaining
                0x100071d8       0x2c CMakeFiles/rushBoard.dir/D_/Development/MarkApp/RushBoard/Firmware/pico-sdk/lib/tinyusb/src/common/tusb_fifo.c.obj
                0x100071d8                tu_fifo_remaining
 .text.tu_fifo_read
                0x10007204       0x42 CMakeFiles/rushBoard.dir/D_/Development/MarkApp/RushBoard/Firmware/pico-sdk/lib/tinyusb/src/common/tusb_fifo.c.obj
                0x10007204                tu_fifo_read
 .text.tu_fifo_read_n
                0x10007246        0xa CMakeFiles/rushBoard.dir/D_/Development/MarkApp/RushBoard/Firmware/pico-sdk/lib/tinyusb/src/common/tusb_fifo.c.obj
                0x10007246                tu_fifo_read_n
 .text.tu_fifo_write
                0x10007250       0x64 CMakeFiles/rushBoard.dir/D_/Development/MarkApp/RushBoard/Firmware/pico-sdk/lib/tinyusb/src/common/tusb_fifo.c.obj
                0x10007250                tu_fifo_write
 .text.tu_fifo_write_n
                0x100072b4        0xa CMakeFiles/rushBoard.dir/D_/Development/MarkApp/RushBoard/Firmware/pico-sdk/lib/tinyusb/src/common/tusb_fifo.c.obj
                0x100072b4                tu_fifo_write_n
 .text.tu_fifo_clear
                0x100072be       0x3e CMakeFiles/rushBoard.dir/D_/Development/MarkApp/RushBoard/Firmware/pico-sdk/lib/tinyusb/src/common/tusb_fifo.c.obj
                0x100072be                tu_fifo_clear
 .text.tu_fifo_set_overwritable
                0x100072fc       0x46 CMakeFiles/rushBoard.dir/D_/Development/MarkApp/RushBoard/Firmware/pico-sdk/lib/tinyusb/src/common/tusb_fifo.c.obj
                0x100072fc                tu_fifo_set_overwritable
 *fill*         0x10007342        0x2 
 .text.memcmp   0x10007344       0x48 c:/progra~2/gnuarm~1/102021~1.10/bin/../lib/gcc/arm-none-eabi/10.3.1/../../../../arm-none-eabi/lib/thumb/v6-m/nofp\libg.a(lib_a-memcmp.o)
                0x10007344                memcmp
 .text.strchr   0x1000738c       0xc0 c:/progra~2/gnuarm~1/102021~1.10/bin/../lib/gcc/arm-none-eabi/10.3.1/../../../../arm-none-eabi/lib/thumb/v6-m/nofp\libg.a(lib_a-strchr.o)
                0x1000738c                strchr
 .text.strlen   0x1000744c       0x5c c:/progra~2/gnuarm~1/102021~1.10/bin/../lib/gcc/arm-none-eabi/10.3.1/../../../../arm-none-eabi/lib/thumb/v6-m/nofp\libg.a(lib_a-strlen-stub.o)
                0x1000744c                strlen
 .text.two_way_long_needle
                0x100074a8      0x288 c:/progra~2/gnuarm~1/102021~1.10/bin/../lib/gcc/arm-none-eabi/10.3.1/../../../../arm-none-eabi/lib/thumb/v6-m/nofp\libg.a(lib_a-strstr.o)
 .text.strstr   0x10007730      0x174 c:/progra~2/gnuarm~1/102021~1.10/bin/../lib/gcc/arm-none-eabi/10.3.1/../../../../arm-none-eabi/lib/thumb/v6-m/nofp\libg.a(lib_a-strstr.o)
                0x10007730                strstr
 .text.strnlen  0x100078a4       0x24 c:/progra~2/gnuarm~1/102021~1.10/bin/../lib/gcc/arm-none-eabi/10.3.1/../../../../arm-none-eabi/lib/thumb/v6-m/nofp\libg.a(lib_a-strnlen.o)
                0x100078a4                strnlen
 *(.fini)
 .fini          0x100078c8        0x4 c:/progra~2/gnuarm~1/102021~1.10/bin/../lib/gcc/arm-none-eabi/10.3.1/thumb/v6-m/nofp/crti.o
                0x100078c8                _fini
 *fill*         0x100078cc        0x4 
 .fini.__stub   0x100078d0       0xe0 linker stubs
 *crtbegin.o(.ctors)
 *crtbegin?.o(.ctors)
 *(EXCLUDE_FILE(*crtend.o *crtend?.o) .ctors)
 *(SORT_BY_NAME(.ctors.*))
 *(.ctors)
 *crtbegin.o(.dtors)
 *crtbegin?.o(.dtors)
 *(EXCLUDE_FILE(*crtend.o *crtend?.o) .dtors)
 *(SORT_BY_NAME(.dtors.*))
 *(.dtors)
 *(.eh_frame*)
 .eh_frame      0x100079b0        0x0 c:/progra~2/gnuarm~1/102021~1.10/bin/../lib/gcc/arm-none-eabi/10.3.1/thumb/v6-m/nofp/crtbegin.o
                0x100079b0                . = ALIGN (0x4)

.glue_7         0x100079b0        0x0
 .glue_7        0x100079b0        0x0 linker stubs

.glue_7t        0x100079b0        0x0
 .glue_7t       0x100079b0        0x0 linker stubs

.vfp11_veneer   0x100079b0        0x0
 .vfp11_veneer  0x100079b0        0x0 linker stubs

.v4_bx          0x100079b0        0x0
 .v4_bx         0x100079b0        0x0 linker stubs

.iplt           0x100079b0        0x0
 .iplt          0x100079b0        0x0 c:/progra~2/gnuarm~1/102021~1.10/bin/../lib/gcc/arm-none-eabi/10.3.1/thumb/v6-m/nofp/crtbegin.o

.rodata         0x100079b0     0x18f4
 *(EXCLUDE_FILE(*libm.a: *libc.a:*lib_a-mem*.o *libgcc.a:) .rodata*)
 .rodata.simxxx_send_command.str1.4
                0x100079b0       0x2a CMakeFiles/rushBoard.dir/main.c.obj
                                 0x36 (size before relaxing)
 *fill*         0x100079da        0x2 
 .rodata.simxxx_read_time.str1.4
                0x100079dc       0x1d CMakeFiles/rushBoard.dir/main.c.obj
 *fill*         0x100079f9        0x3 
 .rodata.repeating_timer_callback.str1.4
                0x100079fc       0x31 CMakeFiles/rushBoard.dir/main.c.obj
 *fill*         0x10007a2d        0x3 
 .rodata.main.str1.4
                0x10007a30       0xc7 CMakeFiles/rushBoard.dir/main.c.obj
 *fill*         0x10007af7        0x1 
 .rodata.spin_lock_claim_unused.str1.4
                0x10007af8       0x1b CMakeFiles/rushBoard.dir/D_/Development/MarkApp/RushBoard/Firmware/pico-sdk/src/rp2_common/hardware_sync/sync.c.obj
 *fill*         0x10007b13        0x1 
 .rodata.make_branch.str1.4
                0x10007b14       0x85 CMakeFiles/rushBoard.dir/D_/Development/MarkApp/RushBoard/Firmware/pico-sdk/src/rp2_common/hardware_irq/irq.c.obj
 *fill*         0x10007b99        0x3 
 .rodata.insert_branch_and_link.str1.4
                0x10007b9c       0x10 CMakeFiles/rushBoard.dir/D_/Development/MarkApp/RushBoard/Firmware/pico-sdk/src/rp2_common/hardware_irq/irq.c.obj
 .rodata.irq_set_exclusive_handler.str1.4
                0x10007bac       0x36 CMakeFiles/rushBoard.dir/D_/Development/MarkApp/RushBoard/Firmware/pico-sdk/src/rp2_common/hardware_irq/irq.c.obj
 *fill*         0x10007be2        0x2 
 .rodata.irq_add_shared_handler.str1.4
                0x10007be4       0xd9 CMakeFiles/rushBoard.dir/D_/Development/MarkApp/RushBoard/Firmware/pico-sdk/src/rp2_common/hardware_irq/irq.c.obj
 *fill*         0x10007cbd        0x3 
 .rodata.irq_remove_handler.str1.4
                0x10007cc0       0x3a CMakeFiles/rushBoard.dir/D_/Development/MarkApp/RushBoard/Firmware/pico-sdk/src/rp2_common/hardware_irq/irq.c.obj
 *fill*         0x10007cfa        0x2 
 .rodata.irq_add_tail_to_free_list.str1.4
                0x10007cfc       0x3a CMakeFiles/rushBoard.dir/D_/Development/MarkApp/RushBoard/Firmware/pico-sdk/src/rp2_common/hardware_irq/irq.c.obj
 *fill*         0x10007d36        0x2 
 .rodata.user_irq_claim_unused.str1.4
                0x10007d38       0x1b CMakeFiles/rushBoard.dir/D_/Development/MarkApp/RushBoard/Firmware/pico-sdk/src/rp2_common/hardware_irq/irq.c.obj
 *fill*         0x10007d53        0x1 
 .rodata.__func__.0
                0x10007d54       0x1a CMakeFiles/rushBoard.dir/D_/Development/MarkApp/RushBoard/Firmware/pico-sdk/src/rp2_common/hardware_irq/irq.c.obj
 *fill*         0x10007d6e        0x2 
 .rodata.__func__.1
                0x10007d70       0x17 CMakeFiles/rushBoard.dir/D_/Development/MarkApp/RushBoard/Firmware/pico-sdk/src/rp2_common/hardware_irq/irq.c.obj
 *fill*         0x10007d87        0x1 
 .rodata.__func__.2
                0x10007d88       0x13 CMakeFiles/rushBoard.dir/D_/Development/MarkApp/RushBoard/Firmware/pico-sdk/src/rp2_common/hardware_irq/irq.c.obj
 *fill*         0x10007d9b        0x1 
 .rodata.__func__.3
                0x10007d9c        0xc CMakeFiles/rushBoard.dir/D_/Development/MarkApp/RushBoard/Firmware/pico-sdk/src/rp2_common/hardware_irq/irq.c.obj
 .rodata.__func__.4
                0x10007da8        0xf CMakeFiles/rushBoard.dir/D_/Development/MarkApp/RushBoard/Firmware/pico-sdk/src/rp2_common/hardware_irq/irq.c.obj
 *fill*         0x10007db7        0x1 
 .rodata.__func__.5
                0x10007db8       0x17 CMakeFiles/rushBoard.dir/D_/Development/MarkApp/RushBoard/Firmware/pico-sdk/src/rp2_common/hardware_irq/irq.c.obj
 *fill*         0x10007dcf        0x1 
 .rodata.__func__.6
                0x10007dd0       0x1a CMakeFiles/rushBoard.dir/D_/Development/MarkApp/RushBoard/Firmware/pico-sdk/src/rp2_common/hardware_irq/irq.c.obj
 *fill*         0x10007dea        0x2 
 .rodata.str1.4
                0x10007dec      0x11d CMakeFiles/rushBoard.dir/D_/Development/MarkApp/RushBoard/Firmware/pico-sdk/src/common/pico_sync/mutex.c.obj
 *fill*         0x10007f09        0x3 
 .rodata.__func__.1
                0x10007f0c        0xb CMakeFiles/rushBoard.dir/D_/Development/MarkApp/RushBoard/Firmware/pico-sdk/src/common/pico_sync/mutex.c.obj
 *fill*         0x10007f17        0x1 
 .rodata.__func__.3
                0x10007f18       0x18 CMakeFiles/rushBoard.dir/D_/Development/MarkApp/RushBoard/Firmware/pico-sdk/src/common/pico_sync/mutex.c.obj
 .rodata.__func__.4
                0x10007f30       0x15 CMakeFiles/rushBoard.dir/D_/Development/MarkApp/RushBoard/Firmware/pico-sdk/src/common/pico_sync/mutex.c.obj
 *fill*         0x10007f45        0x3 
 .rodata.repeating_timer_callback.str1.4
                0x10007f48       0x63 CMakeFiles/rushBoard.dir/D_/Development/MarkApp/RushBoard/Firmware/pico-sdk/src/common/pico_time/time.c.obj
 *fill*         0x10007fab        0x1 
 .rodata.timer_pool_entry_comparator.str1.4
                0x10007fac       0x22 CMakeFiles/rushBoard.dir/D_/Development/MarkApp/RushBoard/Firmware/pico-sdk/src/common/pico_time/time.c.obj
 *fill*         0x10007fce        0x2 
 .rodata.ph_add_child_node.str1.4
                0x10007fd0       0xae CMakeFiles/rushBoard.dir/D_/Development/MarkApp/RushBoard/Firmware/pico-sdk/src/common/pico_time/time.c.obj
 *fill*         0x1000807e        0x2 
 .rodata.add_alarm_under_lock.str1.4
                0x10008080       0x28 CMakeFiles/rushBoard.dir/D_/Development/MarkApp/RushBoard/Firmware/pico-sdk/src/common/pico_time/time.c.obj
                                 0x2b (size before relaxing)
 .rodata.alarm_pool_alarm_callback.str1.4
                0x100080a8       0x98 CMakeFiles/rushBoard.dir/D_/Development/MarkApp/RushBoard/Firmware/pico-sdk/src/common/pico_time/time.c.obj
                                0x114 (size before relaxing)
 .rodata.alarm_pool_get_default.str1.4
                0x10008140       0x21 CMakeFiles/rushBoard.dir/D_/Development/MarkApp/RushBoard/Firmware/pico-sdk/src/common/pico_time/time.c.obj
 *fill*         0x10008161        0x3 
 .rodata.alarm_pool_cancel_alarm.str1.4
                0x10008164       0x27 CMakeFiles/rushBoard.dir/D_/Development/MarkApp/RushBoard/Firmware/pico-sdk/src/common/pico_time/time.c.obj
 *fill*         0x1000818b        0x1 
 .rodata.sleep_until.str1.4
                0x1000818c       0x4d CMakeFiles/rushBoard.dir/D_/Development/MarkApp/RushBoard/Firmware/pico-sdk/src/common/pico_time/time.c.obj
 *fill*         0x100081d9        0x3 
 .rodata.__func__.0
                0x100081dc       0x19 CMakeFiles/rushBoard.dir/D_/Development/MarkApp/RushBoard/Firmware/pico-sdk/src/common/pico_time/time.c.obj
 *fill*         0x100081f5        0x3 
 .rodata.__func__.1
                0x100081f8       0x18 CMakeFiles/rushBoard.dir/D_/Development/MarkApp/RushBoard/Firmware/pico-sdk/src/common/pico_time/time.c.obj
 .rodata.__func__.10
                0x10008210       0x15 CMakeFiles/rushBoard.dir/D_/Development/MarkApp/RushBoard/Firmware/pico-sdk/src/common/pico_time/time.c.obj
 *fill*         0x10008225        0x3 
 .rodata.__func__.11
                0x10008228       0x1a CMakeFiles/rushBoard.dir/D_/Development/MarkApp/RushBoard/Firmware/pico-sdk/src/common/pico_time/time.c.obj
 *fill*         0x10008242        0x2 
 .rodata.__func__.12
                0x10008244        0xa CMakeFiles/rushBoard.dir/D_/Development/MarkApp/RushBoard/Firmware/pico-sdk/src/common/pico_time/time.c.obj
 *fill*         0x1000824e        0x2 
 .rodata.__func__.3
                0x10008250       0x17 CMakeFiles/rushBoard.dir/D_/Development/MarkApp/RushBoard/Firmware/pico-sdk/src/common/pico_time/time.c.obj
 *fill*         0x10008267        0x1 
 .rodata.__func__.4
                0x10008268       0x12 CMakeFiles/rushBoard.dir/D_/Development/MarkApp/RushBoard/Firmware/pico-sdk/src/common/pico_time/time.c.obj
 *fill*         0x1000827a        0x2 
 .rodata.__func__.5
                0x1000827c        0xd CMakeFiles/rushBoard.dir/D_/Development/MarkApp/RushBoard/Firmware/pico-sdk/src/common/pico_time/time.c.obj
 *fill*         0x10008289        0x3 
 .rodata.__func__.6
                0x1000828c       0x12 CMakeFiles/rushBoard.dir/D_/Development/MarkApp/RushBoard/Firmware/pico-sdk/src/common/pico_time/time.c.obj
 *fill*         0x1000829e        0x2 
 .rodata.__func__.7
                0x100082a0        0xf CMakeFiles/rushBoard.dir/D_/Development/MarkApp/RushBoard/Firmware/pico-sdk/src/common/pico_time/time.c.obj
 *fill*         0x100082af        0x1 
 .rodata.__func__.8
                0x100082b0        0xc CMakeFiles/rushBoard.dir/D_/Development/MarkApp/RushBoard/Firmware/pico-sdk/src/common/pico_time/time.c.obj
 .rodata.__func__.9
                0x100082bc       0x15 CMakeFiles/rushBoard.dir/D_/Development/MarkApp/RushBoard/Firmware/pico-sdk/src/common/pico_time/time.c.obj
 *fill*         0x100082d1        0x7 
 .rodata.at_the_end_of_time
                0x100082d8        0x8 CMakeFiles/rushBoard.dir/D_/Development/MarkApp/RushBoard/Firmware/pico-sdk/src/common/pico_time/time.c.obj
                0x100082d8                at_the_end_of_time
 .rodata.hardware_alarm_claim.str1.4
                0x100082e0       0x22 CMakeFiles/rushBoard.dir/D_/Development/MarkApp/RushBoard/Firmware/pico-sdk/src/rp2_common/hardware_timer/timer.c.obj
 .rodata.busy_wait_us.str1.4
                0x10008302       0x79 CMakeFiles/rushBoard.dir/D_/Development/MarkApp/RushBoard/Firmware/pico-sdk/src/rp2_common/hardware_timer/timer.c.obj
 *fill*         0x10008302        0x2 
 .rodata.hardware_alarm_set_target.str1.4
                0x10008304       0x7d CMakeFiles/rushBoard.dir/D_/Development/MarkApp/RushBoard/Firmware/pico-sdk/src/rp2_common/hardware_timer/timer.c.obj
 *fill*         0x10008381        0x3 
 .rodata.__func__.0
                0x10008384       0x1a CMakeFiles/rushBoard.dir/D_/Development/MarkApp/RushBoard/Firmware/pico-sdk/src/rp2_common/hardware_timer/timer.c.obj
 *fill*         0x1000839e        0x2 
 .rodata.__func__.1
                0x100083a0       0x15 CMakeFiles/rushBoard.dir/D_/Development/MarkApp/RushBoard/Firmware/pico-sdk/src/rp2_common/hardware_timer/timer.c.obj
 .rodata.ph_add_child_node.str1.4
                0x100083b5       0xae CMakeFiles/rushBoard.dir/D_/Development/MarkApp/RushBoard/Firmware/pico-sdk/src/common/pico_util/pheap.c.obj
 *fill*         0x100083b5        0x3 
 .rodata.ph_remove_any_head.str1.4
                0x100083b8       0xa4 CMakeFiles/rushBoard.dir/D_/Development/MarkApp/RushBoard/Firmware/pico-sdk/src/common/pico_util/pheap.c.obj
                                 0xb8 (size before relaxing)
 .rodata.ph_remove_and_free_node.str1.4
                0x1000845c       0x1e CMakeFiles/rushBoard.dir/D_/Development/MarkApp/RushBoard/Firmware/pico-sdk/src/common/pico_util/pheap.c.obj
                                 0x26 (size before relaxing)
 *fill*         0x1000847a        0x2 
 .rodata.__func__.0
                0x1000847c       0x18 CMakeFiles/rushBoard.dir/D_/Development/MarkApp/RushBoard/Firmware/pico-sdk/src/common/pico_util/pheap.c.obj
 .rodata.__func__.1
                0x10008494       0x13 CMakeFiles/rushBoard.dir/D_/Development/MarkApp/RushBoard/Firmware/pico-sdk/src/common/pico_util/pheap.c.obj
 *fill*         0x100084a7        0x1 
 .rodata.__func__.2
                0x100084a8       0x12 CMakeFiles/rushBoard.dir/D_/Development/MarkApp/RushBoard/Firmware/pico-sdk/src/common/pico_util/pheap.c.obj
 *fill*         0x100084ba        0x2 
 .rodata.__func__.3
                0x100084bc        0xc CMakeFiles/rushBoard.dir/D_/Development/MarkApp/RushBoard/Firmware/pico-sdk/src/common/pico_util/pheap.c.obj
 .rodata.clock_configure.str1.4
                0x100084c8       0x6f CMakeFiles/rushBoard.dir/D_/Development/MarkApp/RushBoard/Firmware/pico-sdk/src/rp2_common/hardware_clocks/clocks.c.obj
 *fill*         0x10008537        0x1 
 .rodata.__func__.1
                0x10008538       0x10 CMakeFiles/rushBoard.dir/D_/Development/MarkApp/RushBoard/Firmware/pico-sdk/src/rp2_common/hardware_clocks/clocks.c.obj
 .rodata.pll_init.str1.4
                0x10008548      0x13b CMakeFiles/rushBoard.dir/D_/Development/MarkApp/RushBoard/Firmware/pico-sdk/src/rp2_common/hardware_pll/pll.c.obj
 *fill*         0x10008683        0x1 
 .rodata.__func__.0
                0x10008684        0x9 CMakeFiles/rushBoard.dir/D_/Development/MarkApp/RushBoard/Firmware/pico-sdk/src/rp2_common/hardware_pll/pll.c.obj
 *fill*         0x1000868d        0x3 
 .rodata.__assert_func.str1.4
                0x10008690       0x3f CMakeFiles/rushBoard.dir/D_/Development/MarkApp/RushBoard/Firmware/pico-sdk/src/rp2_common/pico_runtime/runtime.c.obj
                                 0x43 (size before relaxing)
 *fill*         0x100086cf        0x1 
 .rodata.runtime_init.str1.4
                0x100086d0       0x79 CMakeFiles/rushBoard.dir/D_/Development/MarkApp/RushBoard/Firmware/pico-sdk/src/rp2_common/pico_runtime/runtime.c.obj
 *fill*         0x10008749        0x3 
 .rodata.panic.str1.4
                0x1000874c       0x10 CMakeFiles/rushBoard.dir/D_/Development/MarkApp/RushBoard/Firmware/pico-sdk/src/rp2_common/pico_runtime/runtime.c.obj
                                 0x12 (size before relaxing)
 .rodata.__func__.2
                0x1000875c        0xd CMakeFiles/rushBoard.dir/D_/Development/MarkApp/RushBoard/Firmware/pico-sdk/src/rp2_common/pico_runtime/runtime.c.obj
 *fill*         0x10008769        0x3 
 .rodata._ftoa.str1.4
                0x1000876c       0x15 CMakeFiles/rushBoard.dir/D_/Development/MarkApp/RushBoard/Firmware/pico-sdk/src/rp2_common/pico_printf/printf.c.obj
 *fill*         0x10008781        0x3 
 .rodata._vsnprintf
                0x10008784      0x1e0 CMakeFiles/rushBoard.dir/D_/Development/MarkApp/RushBoard/Firmware/pico-sdk/src/rp2_common/pico_printf/printf.c.obj
 *fill*         0x10008964        0x4 
 .rodata.pow10.0
                0x10008968       0x50 CMakeFiles/rushBoard.dir/D_/Development/MarkApp/RushBoard/Firmware/pico-sdk/src/rp2_common/pico_printf/printf.c.obj
 .rodata.__aeabi_double_init.str1.4
                0x100089b8       0xc0 CMakeFiles/rushBoard.dir/D_/Development/MarkApp/RushBoard/Firmware/pico-sdk/src/rp2_common/pico_double/double_init_rom.c.obj
 .rodata.__func__.0
                0x10008a78       0x14 CMakeFiles/rushBoard.dir/D_/Development/MarkApp/RushBoard/Firmware/pico-sdk/src/rp2_common/pico_double/double_init_rom.c.obj
 .rodata.__aeabi_float_init.str1.4
                0x10008a8c       0x92 CMakeFiles/rushBoard.dir/D_/Development/MarkApp/RushBoard/Firmware/pico-sdk/src/rp2_common/pico_float/float_init_rom.c.obj
                                 0x96 (size before relaxing)
 *fill*         0x10008b1e        0x2 
 .rodata.__func__.0
                0x10008b20       0x13 CMakeFiles/rushBoard.dir/D_/Development/MarkApp/RushBoard/Firmware/pico-sdk/src/rp2_common/pico_float/float_init_rom.c.obj
 *fill*         0x10008b33        0x1 
 .rodata.str1.4
                0x10008b34       0x40 CMakeFiles/rushBoard.dir/D_/Development/MarkApp/RushBoard/Firmware/pico-sdk/src/rp2_common/pico_standard_link/binary_info.c.obj
 .rodata.__bi_44
                0x10008b74        0xc CMakeFiles/rushBoard.dir/D_/Development/MarkApp/RushBoard/Firmware/pico-sdk/src/rp2_common/pico_standard_link/binary_info.c.obj
 .rodata.__bi_75
                0x10008b80        0xc CMakeFiles/rushBoard.dir/D_/Development/MarkApp/RushBoard/Firmware/pico-sdk/src/rp2_common/pico_standard_link/binary_info.c.obj
 .rodata.__bi_81
                0x10008b8c        0xc CMakeFiles/rushBoard.dir/D_/Development/MarkApp/RushBoard/Firmware/pico-sdk/src/rp2_common/pico_standard_link/binary_info.c.obj
 .rodata.stdout_serialize_begin.str1.4
                0x10008b98       0x79 CMakeFiles/rushBoard.dir/D_/Development/MarkApp/RushBoard/Firmware/pico-sdk/src/rp2_common/pico_stdio/stdio.c.obj
 .rodata.__wrap_getchar.str1.4
                0x10008b98       0x61 CMakeFiles/rushBoard.dir/D_/Development/MarkApp/RushBoard/Firmware/pico-sdk/src/rp2_common/pico_stdio/stdio.c.obj
 *fill*         0x10008bf9        0x3 
 .rodata.__func__.1
                0x10008bfc        0xf CMakeFiles/rushBoard.dir/D_/Development/MarkApp/RushBoard/Firmware/pico-sdk/src/rp2_common/pico_stdio/stdio.c.obj
 *fill*         0x10008c0b        0x1 
 .rodata.__func__.3
                0x10008c0c       0x15 CMakeFiles/rushBoard.dir/D_/Development/MarkApp/RushBoard/Firmware/pico-sdk/src/rp2_common/pico_stdio/stdio.c.obj
 *fill*         0x10008c21        0x3 
 .rodata.crlf_str.2
                0x10008c24        0x2 CMakeFiles/rushBoard.dir/D_/Development/MarkApp/RushBoard/Firmware/pico-sdk/src/rp2_common/pico_stdio/stdio.c.obj
 *fill*         0x10008c26        0x2 
 .rodata._resetd_driver
                0x10008c28       0x18 CMakeFiles/rushBoard.dir/D_/Development/MarkApp/RushBoard/Firmware/pico-sdk/src/rp2_common/pico_stdio_usb/reset_interface.c.obj
 .rodata.low_priority_worker_irq.str1.4
                0x10008c40       0x79 CMakeFiles/rushBoard.dir/D_/Development/MarkApp/RushBoard/Firmware/pico-sdk/src/rp2_common/pico_stdio_usb/stdio_usb.c.obj
 .rodata.stdio_usb_init.str1.4
                0x10008c40       0x5d CMakeFiles/rushBoard.dir/D_/Development/MarkApp/RushBoard/Firmware/pico-sdk/src/rp2_common/pico_stdio_usb/stdio_usb.c.obj
                                 0x65 (size before relaxing)
 *fill*         0x10008c9d        0x3 
 .rodata.str1.4
                0x10008ca0       0x13 CMakeFiles/rushBoard.dir/D_/Development/MarkApp/RushBoard/Firmware/pico-sdk/src/rp2_common/pico_stdio_usb/stdio_usb.c.obj
 *fill*         0x10008cb3        0x1 
 .rodata.__bi_188.0
                0x10008cb4        0xc CMakeFiles/rushBoard.dir/D_/Development/MarkApp/RushBoard/Firmware/pico-sdk/src/rp2_common/pico_stdio_usb/stdio_usb.c.obj
 .rodata.__func__.1
                0x10008cc0        0xf CMakeFiles/rushBoard.dir/D_/Development/MarkApp/RushBoard/Firmware/pico-sdk/src/rp2_common/pico_stdio_usb/stdio_usb.c.obj
 *fill*         0x10008ccf        0x1 
 .rodata.__func__.3
                0x10008cd0       0x15 CMakeFiles/rushBoard.dir/D_/Development/MarkApp/RushBoard/Firmware/pico-sdk/src/rp2_common/pico_stdio_usb/stdio_usb.c.obj
 *fill*         0x10008ce5        0x3 
 .rodata.str1.4
                0x10008ce8       0x2a CMakeFiles/rushBoard.dir/D_/Development/MarkApp/RushBoard/Firmware/pico-sdk/src/rp2_common/pico_stdio_usb/stdio_usb_descriptors.c.obj
 *fill*         0x10008d12        0x2 
 .rodata.usbd_desc_cfg
                0x10008d14       0x54 CMakeFiles/rushBoard.dir/D_/Development/MarkApp/RushBoard/Firmware/pico-sdk/src/rp2_common/pico_stdio_usb/stdio_usb_descriptors.c.obj
 .rodata.usbd_desc_device
                0x10008d68       0x12 CMakeFiles/rushBoard.dir/D_/Development/MarkApp/RushBoard/Firmware/pico-sdk/src/rp2_common/pico_stdio_usb/stdio_usb_descriptors.c.obj
 *fill*         0x10008d7a        0x2 
 .rodata.usbd_desc_str
                0x10008d7c       0x18 CMakeFiles/rushBoard.dir/D_/Development/MarkApp/RushBoard/Firmware/pico-sdk/src/rp2_common/pico_stdio_usb/stdio_usb_descriptors.c.obj
 .rodata.pico_get_unique_board_id_string.str1.4
                0x10008d94       0x65 CMakeFiles/rushBoard.dir/D_/Development/MarkApp/RushBoard/Firmware/pico-sdk/src/rp2_common/pico_unique_id/unique_id.c.obj
 *fill*         0x10008df9        0x3 
 .rodata.__func__.0
                0x10008dfc       0x20 CMakeFiles/rushBoard.dir/D_/Development/MarkApp/RushBoard/Firmware/pico-sdk/src/rp2_common/pico_unique_id/unique_id.c.obj
 .rodata.str1.4
                0x10008e1c      0x172 CMakeFiles/rushBoard.dir/D_/Development/MarkApp/RushBoard/Firmware/pico-sdk/src/rp2_common/hardware_flash/flash.c.obj
 *fill*         0x10008f8e        0x2 
 .rodata.__func__.0
                0x10008f90        0xd CMakeFiles/rushBoard.dir/D_/Development/MarkApp/RushBoard/Firmware/pico-sdk/src/rp2_common/hardware_flash/flash.c.obj
 *fill*         0x10008f9d        0x3 
 .rodata._hw_endpoint_alloc.str1.4
                0x10008fa0       0xcd CMakeFiles/rushBoard.dir/D_/Development/MarkApp/RushBoard/Firmware/pico-sdk/lib/tinyusb/src/portable/raspberrypi/rp2040/dcd_rp2040.c.obj
 *fill*         0x1000906d        0x3 
 .rodata.str1.4
                0x10009070       0x14 CMakeFiles/rushBoard.dir/D_/Development/MarkApp/RushBoard/Firmware/pico-sdk/lib/tinyusb/src/portable/raspberrypi/rp2040/dcd_rp2040.c.obj
 .rodata.dcd_int_enable.str1.4
                0x10009084        0xc CMakeFiles/rushBoard.dir/D_/Development/MarkApp/RushBoard/Firmware/pico-sdk/lib/tinyusb/src/portable/raspberrypi/rp2040/dcd_rp2040.c.obj
 .rodata.__func__.0
                0x10009090        0xe CMakeFiles/rushBoard.dir/D_/Development/MarkApp/RushBoard/Firmware/pico-sdk/lib/tinyusb/src/portable/raspberrypi/rp2040/dcd_rp2040.c.obj
 *fill*         0x1000909e        0x2 
 .rodata.__func__.1
                0x100090a0        0xe CMakeFiles/rushBoard.dir/D_/Development/MarkApp/RushBoard/Firmware/pico-sdk/lib/tinyusb/src/portable/raspberrypi/rp2040/dcd_rp2040.c.obj
 *fill*         0x100090ae        0x2 
 .rodata.__func__.3
                0x100090b0       0x10 CMakeFiles/rushBoard.dir/D_/Development/MarkApp/RushBoard/Firmware/pico-sdk/lib/tinyusb/src/portable/raspberrypi/rp2040/dcd_rp2040.c.obj
 .rodata.__func__.5
                0x100090c0        0xf CMakeFiles/rushBoard.dir/D_/Development/MarkApp/RushBoard/Firmware/pico-sdk/lib/tinyusb/src/portable/raspberrypi/rp2040/dcd_rp2040.c.obj
 *fill*         0x100090cf        0x1 
 .rodata.__func__.6
                0x100090d0       0x13 CMakeFiles/rushBoard.dir/D_/Development/MarkApp/RushBoard/Firmware/pico-sdk/lib/tinyusb/src/portable/raspberrypi/rp2040/dcd_rp2040.c.obj
 *fill*         0x100090e3        0x1 
 .rodata.__func__.7
                0x100090e4        0x9 CMakeFiles/rushBoard.dir/D_/Development/MarkApp/RushBoard/Firmware/pico-sdk/lib/tinyusb/src/portable/raspberrypi/rp2040/dcd_rp2040.c.obj
 *fill*         0x100090ed        0x3 
 .rodata.str1.4
                0x100090f0       0xff CMakeFiles/rushBoard.dir/D_/Development/MarkApp/RushBoard/Firmware/pico-sdk/lib/tinyusb/src/portable/raspberrypi/rp2040/rp2040_usb.c.obj
 *fill*         0x100091ef        0x1 
 .rodata.__func__.0
                0x100091f0        0xf CMakeFiles/rushBoard.dir/D_/Development/MarkApp/RushBoard/Firmware/pico-sdk/lib/tinyusb/src/portable/raspberrypi/rp2040/rp2040_usb.c.obj
 *fill*         0x100091ff        0x1 
 .rodata.process_get_descriptor
                0x10009200       0x40 CMakeFiles/rushBoard.dir/D_/Development/MarkApp/RushBoard/Firmware/pico-sdk/lib/tinyusb/src/device/usbd.c.obj
 .rodata.process_control_request
                0x10009240       0x28 CMakeFiles/rushBoard.dir/D_/Development/MarkApp/RushBoard/Firmware/pico-sdk/lib/tinyusb/src/device/usbd.c.obj
 .rodata.tud_task_ext
                0x10009268       0x24 CMakeFiles/rushBoard.dir/D_/Development/MarkApp/RushBoard/Firmware/pico-sdk/lib/tinyusb/src/device/usbd.c.obj
 .rodata._usbd_driver
                0x1000928c       0x18 CMakeFiles/rushBoard.dir/D_/Development/MarkApp/RushBoard/Firmware/pico-sdk/lib/tinyusb/src/device/usbd.c.obj
                0x100092a4                . = ALIGN (0x4)
 *(SORT_BY_ALIGNMENT(SORT_BY_NAME(.flashdata*)))
                0x100092a4                . = ALIGN (0x4)

.rel.dyn        0x100092a4        0x0
 .rel.iplt      0x100092a4        0x0 c:/progra~2/gnuarm~1/102021~1.10/bin/../lib/gcc/arm-none-eabi/10.3.1/thumb/v6-m/nofp/crtbegin.o

.ARM.extab
 *(.ARM.extab* .gnu.linkonce.armextab.*)
                0x100092a4                __exidx_start = .

.ARM.exidx
 *(.ARM.exidx* .gnu.linkonce.armexidx.*)
                0x100092a4                __exidx_end = .
                0x100092a4                . = ALIGN (0x4)
                0x100092a4                __binary_info_start = .

.binary_info    0x100092a4       0x20
 *(.binary_info.keep.*)
 .binary_info.keep.__bi_ptr22
                0x100092a4        0x4 CMakeFiles/rushBoard.dir/D_/Development/MarkApp/RushBoard/Firmware/pico-sdk/src/rp2_common/pico_standard_link/binary_info.c.obj
 .binary_info.keep.__bi_ptr30
                0x100092a8        0x4 CMakeFiles/rushBoard.dir/D_/Development/MarkApp/RushBoard/Firmware/pico-sdk/src/rp2_common/pico_standard_link/binary_info.c.obj
 .binary_info.keep.__bi_ptr38
                0x100092ac        0x4 CMakeFiles/rushBoard.dir/D_/Development/MarkApp/RushBoard/Firmware/pico-sdk/src/rp2_common/pico_standard_link/binary_info.c.obj
 .binary_info.keep.__bi_ptr44
                0x100092b0        0x4 CMakeFiles/rushBoard.dir/D_/Development/MarkApp/RushBoard/Firmware/pico-sdk/src/rp2_common/pico_standard_link/binary_info.c.obj
 .binary_info.keep.__bi_ptr50
                0x100092b4        0x4 CMakeFiles/rushBoard.dir/D_/Development/MarkApp/RushBoard/Firmware/pico-sdk/src/rp2_common/pico_standard_link/binary_info.c.obj
 .binary_info.keep.__bi_ptr75
                0x100092b8        0x4 CMakeFiles/rushBoard.dir/D_/Development/MarkApp/RushBoard/Firmware/pico-sdk/src/rp2_common/pico_standard_link/binary_info.c.obj
 .binary_info.keep.__bi_ptr81
                0x100092bc        0x4 CMakeFiles/rushBoard.dir/D_/Development/MarkApp/RushBoard/Firmware/pico-sdk/src/rp2_common/pico_standard_link/binary_info.c.obj
 *(.binary_info.*)
 .binary_info.__bi_ptr188
                0x100092c0        0x4 CMakeFiles/rushBoard.dir/D_/Development/MarkApp/RushBoard/Firmware/pico-sdk/src/rp2_common/pico_stdio_usb/stdio_usb.c.obj
                0x100092c4                __binary_info_end = .
                0x100092c4                . = ALIGN (0x4)
                0x100092c4                __etext = .

.ram_vector_table
                0x20000000       0xc0
 *(.ram_vector_table)
 .ram_vector_table
                0x20000000       0xc0 CMakeFiles/rushBoard.dir/D_/Development/MarkApp/RushBoard/Firmware/pico-sdk/src/rp2_common/pico_runtime/runtime.c.obj
                0x20000000                ram_vector_table

.data           0x200000c0      0xbf0 load address 0x100092c4
                0x200000c0                __data_start__ = .
 *(vtable)
 *(.time_critical*)
 .time_critical.mutex_try_enter
                0x200000c0       0x46 CMakeFiles/rushBoard.dir/D_/Development/MarkApp/RushBoard/Firmware/pico-sdk/src/common/pico_sync/mutex.c.obj
                0x200000c0                mutex_try_enter
 *fill*         0x20000106        0x2 
 .time_critical.mutex_enter_block_until
                0x20000108       0x8c CMakeFiles/rushBoard.dir/D_/Development/MarkApp/RushBoard/Firmware/pico-sdk/src/common/pico_sync/mutex.c.obj
                0x20000108                mutex_enter_block_until
 .time_critical.mutex_try_enter_block_until
                0x20000194       0x34 CMakeFiles/rushBoard.dir/D_/Development/MarkApp/RushBoard/Firmware/pico-sdk/src/common/pico_sync/mutex.c.obj
                0x20000194                mutex_try_enter_block_until
 .time_critical.mutex_enter_timeout_ms
                0x200001c8       0x68 CMakeFiles/rushBoard.dir/D_/Development/MarkApp/RushBoard/Firmware/pico-sdk/src/common/pico_sync/mutex.c.obj
                0x200001c8                mutex_enter_timeout_ms
 .time_critical.mutex_exit
                0x20000230       0x4c CMakeFiles/rushBoard.dir/D_/Development/MarkApp/RushBoard/Firmware/pico-sdk/src/common/pico_sync/mutex.c.obj
                0x20000230                mutex_exit
 .time_critical.flash_init_boot2_copyout
                0x2000027c       0x30 CMakeFiles/rushBoard.dir/D_/Development/MarkApp/RushBoard/Firmware/pico-sdk/src/rp2_common/hardware_flash/flash.c.obj
 .time_critical.flash_enable_xip_via_boot2
                0x200002ac       0x10 CMakeFiles/rushBoard.dir/D_/Development/MarkApp/RushBoard/Firmware/pico-sdk/src/rp2_common/hardware_flash/flash.c.obj
 .time_critical.flash_cs_force
                0x200002bc       0x28 CMakeFiles/rushBoard.dir/D_/Development/MarkApp/RushBoard/Firmware/pico-sdk/src/rp2_common/hardware_flash/flash.c.obj
 .time_critical.flash_do_cmd
                0x200002e4       0xd8 CMakeFiles/rushBoard.dir/D_/Development/MarkApp/RushBoard/Firmware/pico-sdk/src/rp2_common/hardware_flash/flash.c.obj
                0x200002e4                flash_do_cmd
 .time_critical.reset_non_control_endpoints
                0x200003bc       0x40 CMakeFiles/rushBoard.dir/D_/Development/MarkApp/RushBoard/Firmware/pico-sdk/lib/tinyusb/src/portable/raspberrypi/rp2040/dcd_rp2040.c.obj
 .time_critical.hw_handle_buff_status
                0x200003fc       0xa4 CMakeFiles/rushBoard.dir/D_/Development/MarkApp/RushBoard/Firmware/pico-sdk/lib/tinyusb/src/portable/raspberrypi/rp2040/dcd_rp2040.c.obj
 .time_critical.dcd_rp2040_irq
                0x200004a0      0x1cc CMakeFiles/rushBoard.dir/D_/Development/MarkApp/RushBoard/Firmware/pico-sdk/lib/tinyusb/src/portable/raspberrypi/rp2040/dcd_rp2040.c.obj
 .time_critical.e15_is_bulkin_ep
                0x2000066c       0x2c CMakeFiles/rushBoard.dir/D_/Development/MarkApp/RushBoard/Firmware/pico-sdk/lib/tinyusb/src/portable/raspberrypi/rp2040/rp2040_usb.c.obj
 .time_critical.e15_is_critical_frame_period
                0x20000698       0x30 CMakeFiles/rushBoard.dir/D_/Development/MarkApp/RushBoard/Firmware/pico-sdk/lib/tinyusb/src/portable/raspberrypi/rp2040/rp2040_usb.c.obj
 .time_critical.prepare_ep_buffer